---------------------------------------
           Local CellML file
---------------------------------------
 - Open simulation
 - Check simulation:
    - Valid: yes
    - Issues: none
 - Initial settings:
    - Ending point: 50.000000
    - Point interval: 0.001000
 - Run simulation [1]:
    - Settings:
       - Starting point: 0.000000
       - Ending point: 50.000000
       - Point interval: 0.001000
       - ODE solver: CVODE
       - Initial values:
          - Constants:
             - main/sigma = 10.0
             - main/rho = 28.0
             - main/beta = 2.66667
          - States:
             - main/x = 1.0
             - main/y = 1.0
             - main/z = 1.0
          - Rates:
             - main/x/prime = 0.0
             - main/y/prime = 26.0
             - main/z/prime = -1.6666699999999999
          - Algebraic: empty
    - Result values:
       - Number of points: 50001
       - Constants:
          - main/sigma = [ 10.00, 10.00, 10.00, ..., 10.00, 10.00, 10.00 ]
          - main/rho = [ 28.00, 28.00, 28.00, ..., 28.00, 28.00, 28.00 ]
          - main/beta = [ 2.67, 2.67, 2.67, ..., 2.67, 2.67, 2.67 ]
       - States:
          - main/x = [ 1.00, 1.00, 1.00, ..., 1.42, 1.43, 1.44 ]
          - main/y = [ 1.00, 1.03, 1.05, ..., 2.56, 2.58, 2.61 ]
          - main/z = [ 1.00, 1.00, 1.00, ..., 10.85, 10.82, 10.80 ]
       - Rates:
          - main/x/prime = [ 0.00, 0.26, 0.51, ..., 11.44, 11.54, 11.64 ]
          - main/y/prime = [ 26.00, 25.98, 25.97, ..., 21.77, 21.98, 22.19 ]
          - main/z/prime = [ -1.67, -1.64, -1.61, ..., -25.30, -25.17, -25.04 ]
       - Algebraic: empty
 - New settings:
    - Starting point: 10.000000
    - Ending point: 30.000000
    - Point interval: 0.100000
    - ODE solver: Euler (forward)
 - Run simulation [2]:
    - Settings:
       - Starting point: 10.000000
       - Ending point: 30.000000
       - Point interval: 0.100000
       - ODE solver: Euler (forward)
       - Initial values:
          - Constants:
             - main/sigma = 10.0
             - main/rho = 28.0
             - main/beta = 2.66667
          - States:
             - main/x = 1.0
             - main/y = 1.0
             - main/z = 1.0
          - Rates:
             - main/x/prime = 0.0
             - main/y/prime = 26.0
             - main/z/prime = -1.6666699999999999
          - Algebraic: empty
    - Result values:
       - Number of points: 201
       - Constants:
          - main/sigma = [ 10.00, 10.00, 10.00, ..., 10.00, 10.00, 10.00 ]
          - main/rho = [ 28.00, 28.00, 28.00, ..., 28.00, 28.00, 28.00 ]
          - main/beta = [ 2.67, 2.67, 2.67, ..., 2.67, 2.67, 2.67 ]
       - States:
          - main/x = [ 1.00, 2.00, 5.84, ..., -0.20, 0.97, 1.96 ]
          - main/y = [ 1.00, 4.22, 12.36, ..., 1.57, 1.80, 3.34 ]
          - main/z = [ 1.00, 1.05, 3.29, ..., 22.24, 17.03, 13.30 ]
       - Rates:
          - main/x/prime = [ 0.00, 22.17, 65.29, ..., 17.72, 8.32, 13.85 ]
          - main/y/prime = [ 26.00, 49.64, 131.84, ..., -2.74, 8.81, 25.44 ]
          - main/z/prime = [ -1.67, 5.62, 63.38, ..., -59.61, -43.68, -28.93 ]
       - Algebraic: empty
 - Run simulation [3]:
    - Settings:
       - Starting point: 10.000000
       - Ending point: 30.000000
       - Point interval: 0.100000
       - ODE solver: Euler (forward)
       - Initial values:
          - Constants:
             - main/sigma = 10.0
             - main/rho = 28.0
             - main/beta = 2.66667
          - States:
             - main/x = 1.9587986527939667
             - main/y = 3.344294126123224
             - main/z = 13.304593105464264
          - Rates:
             - main/x/prime = 13.854954733292573
             - main/y/prime = 25.441049101152547
             - main/z/prime = -28.928160467751443
          - Algebraic: empty
    - Result values:
       - Number of points: 201
       - Constants:
          - main/sigma = [ 10.00, 10.00, 10.00, ..., 10.00, 10.00, 10.00 ]
          - main/rho = [ 28.00, 28.00, 28.00, ..., 28.00, 28.00, 28.00 ]
          - main/beta = [ 2.67, 2.67, 2.67, ..., 2.67, 2.67, 2.67 ]
       - States:
          - main/x = [ 1.96, 4.03, 8.69, ..., 2.24, 2.07, 3.35 ]
          - main/y = [ 3.34, 7.23, 15.34, ..., 1.24, 2.72, 5.51 ]
          - main/z = [ 13.30, 11.42, 14.61, ..., 22.05, 17.17, 14.00 ]
       - Rates:
          - main/x/prime = [ 13.85, 31.95, 66.57, ..., -9.95, 6.56, 21.62 ]
          - main/y/prime = [ 25.44, 59.58, 100.96, ..., 12.07, 19.68, 41.40 ]
          - main/z/prime = [ -28.93, -1.35, 94.30, ..., -56.02, -40.14, -18.86 ]
       - Algebraic: empty

---------------------------------------
          Remote CellML file
---------------------------------------
 - Open simulation
 - Check simulation:
    - Valid: yes
    - Issues: none
 - Initial settings:
    - Ending point: 50.000000
    - Point interval: 0.001000
 - Run simulation [1]:
    - Settings:
       - Starting point: 0.000000
       - Ending point: 50.000000
       - Point interval: 0.001000
       - ODE solver: CVODE
       - Initial values:
          - Constants:
             - main/sigma = 10.0
             - main/rho = 28.0
             - main/beta = 2.66667
          - States:
             - main/x = 1.0
             - main/y = 1.0
             - main/z = 1.0
          - Rates:
             - main/x/prime = 0.0
             - main/y/prime = 26.0
             - main/z/prime = -1.6666699999999999
          - Algebraic: empty
    - Result values:
       - Number of points: 50001
       - Constants:
          - main/sigma = [ 10.00, 10.00, 10.00, ..., 10.00, 10.00, 10.00 ]
          - main/rho = [ 28.00, 28.00, 28.00, ..., 28.00, 28.00, 28.00 ]
          - main/beta = [ 2.67, 2.67, 2.67, ..., 2.67, 2.67, 2.67 ]
       - States:
          - main/x = [ 1.00, 1.00, 1.00, ..., 1.42, 1.43, 1.44 ]
          - main/y = [ 1.00, 1.03, 1.05, ..., 2.56, 2.58, 2.61 ]
          - main/z = [ 1.00, 1.00, 1.00, ..., 10.85, 10.82, 10.80 ]
       - Rates:
          - main/x/prime = [ 0.00, 0.26, 0.51, ..., 11.44, 11.54, 11.64 ]
          - main/y/prime = [ 26.00, 25.98, 25.97, ..., 21.77, 21.98, 22.19 ]
          - main/z/prime = [ -1.67, -1.64, -1.61, ..., -25.30, -25.17, -25.04 ]
       - Algebraic: empty
 - New settings:
    - Starting point: 10.000000
    - Ending point: 30.000000
    - Point interval: 0.100000
    - ODE solver: Euler (forward)
 - Run simulation [2]:
    - Settings:
       - Starting point: 10.000000
       - Ending point: 30.000000
       - Point interval: 0.100000
       - ODE solver: Euler (forward)
       - Initial values:
          - Constants:
             - main/sigma = 10.0
             - main/rho = 28.0
             - main/beta = 2.66667
          - States:
             - main/x = 1.0
             - main/y = 1.0
             - main/z = 1.0
          - Rates:
             - main/x/prime = 0.0
             - main/y/prime = 26.0
             - main/z/prime = -1.6666699999999999
          - Algebraic: empty
    - Result values:
       - Number of points: 201
       - Constants:
          - main/sigma = [ 10.00, 10.00, 10.00, ..., 10.00, 10.00, 10.00 ]
          - main/rho = [ 28.00, 28.00, 28.00, ..., 28.00, 28.00, 28.00 ]
          - main/beta = [ 2.67, 2.67, 2.67, ..., 2.67, 2.67, 2.67 ]
       - States:
          - main/x = [ 1.00, 2.00, 5.84, ..., -0.20, 0.97, 1.96 ]
          - main/y = [ 1.00, 4.22, 12.36, ..., 1.57, 1.80, 3.34 ]
          - main/z = [ 1.00, 1.05, 3.29, ..., 22.24, 17.03, 13.30 ]
       - Rates:
          - main/x/prime = [ 0.00, 22.17, 65.29, ..., 17.72, 8.32, 13.85 ]
          - main/y/prime = [ 26.00, 49.64, 131.84, ..., -2.74, 8.81, 25.44 ]
          - main/z/prime = [ -1.67, 5.62, 63.38, ..., -59.61, -43.68, -28.93 ]
       - Algebraic: empty
 - Run simulation [3]:
    - Settings:
       - Starting point: 10.000000
       - Ending point: 30.000000
       - Point interval: 0.100000
       - ODE solver: Euler (forward)
       - Initial values:
          - Constants:
             - main/sigma = 10.0
             - main/rho = 28.0
             - main/beta = 2.66667
          - States:
             - main/x = 1.9587986527939667
             - main/y = 3.344294126123224
             - main/z = 13.304593105464264
          - Rates:
             - main/x/prime = 13.854954733292573
             - main/y/prime = 25.441049101152547
             - main/z/prime = -28.928160467751443
          - Algebraic: empty
    - Result values:
       - Number of points: 201
       - Constants:
          - main/sigma = [ 10.00, 10.00, 10.00, ..., 10.00, 10.00, 10.00 ]
          - main/rho = [ 28.00, 28.00, 28.00, ..., 28.00, 28.00, 28.00 ]
          - main/beta = [ 2.67, 2.67, 2.67, ..., 2.67, 2.67, 2.67 ]
       - States:
          - main/x = [ 1.96, 4.03, 8.69, ..., 2.24, 2.07, 3.35 ]
          - main/y = [ 3.34, 7.23, 15.34, ..., 1.24, 2.72, 5.51 ]
          - main/z = [ 13.30, 11.42, 14.61, ..., 22.05, 17.17, 14.00 ]
       - Rates:
          - main/x/prime = [ 13.85, 31.95, 66.57, ..., -9.95, 6.56, 21.62 ]
          - main/y/prime = [ 25.44, 59.58, 100.96, ..., 12.07, 19.68, 41.40 ]
          - main/z/prime = [ -28.93, -1.35, 94.30, ..., -56.02, -40.14, -18.86 ]
       - Algebraic: empty

---------------------------------------
           Local SED-ML file
---------------------------------------
 - Open simulation
 - Check simulation:
    - Valid: yes
    - Issues: none
 - Run simulation [1]:
    - Settings:
       - Starting point: 0.000000
       - Ending point: 50.000000
       - Point interval: 0.001000
       - ODE solver: CVODE
       - Initial values:
          - Constants:
             - main/sigma = 10.0
             - main/rho = 28.0
             - main/beta = 2.66667
          - States:
             - main/x = 1.0
             - main/y = 1.0
             - main/z = 1.0
          - Rates:
             - main/x/prime = 0.0
             - main/y/prime = 26.0
             - main/z/prime = -1.6666699999999999
          - Algebraic: empty
    - Result values:
       - Number of points: 50001
       - Constants:
          - main/sigma = [ 10.00, 10.00, 10.00, ..., 10.00, 10.00, 10.00 ]
          - main/rho = [ 28.00, 28.00, 28.00, ..., 28.00, 28.00, 28.00 ]
          - main/beta = [ 2.67, 2.67, 2.67, ..., 2.67, 2.67, 2.67 ]
       - States:
          - main/x = [ 1.00, 1.00, 1.00, ..., 1.42, 1.43, 1.44 ]
          - main/y = [ 1.00, 1.03, 1.05, ..., 2.56, 2.58, 2.61 ]
          - main/z = [ 1.00, 1.00, 1.00, ..., 10.85, 10.82, 10.80 ]
       - Rates:
          - main/x/prime = [ 0.00, 0.26, 0.51, ..., 11.44, 11.54, 11.64 ]
          - main/y/prime = [ 26.00, 25.98, 25.97, ..., 21.77, 21.98, 22.19 ]
          - main/z/prime = [ -1.67, -1.64, -1.61, ..., -25.30, -25.17, -25.04 ]
       - Algebraic: empty
 - New settings:
    - Starting point: 10.000000
    - Ending point: 30.000000
    - Point interval: 0.100000
    - ODE solver: Euler (forward)
 - Run simulation [2]:
    - Settings:
       - Starting point: 10.000000
       - Ending point: 30.000000
       - Point interval: 0.100000
       - ODE solver: Euler (forward)
       - Initial values:
          - Constants:
             - main/sigma = 10.0
             - main/rho = 28.0
             - main/beta = 2.66667
          - States:
             - main/x = 1.0
             - main/y = 1.0
             - main/z = 1.0
          - Rates:
             - main/x/prime = 0.0
             - main/y/prime = 26.0
             - main/z/prime = -1.6666699999999999
          - Algebraic: empty
    - Result values:
       - Number of points: 201
       - Constants:
          - main/sigma = [ 10.00, 10.00, 10.00, ..., 10.00, 10.00, 10.00 ]
          - main/rho = [ 28.00, 28.00, 28.00, ..., 28.00, 28.00, 28.00 ]
          - main/beta = [ 2.67, 2.67, 2.67, ..., 2.67, 2.67, 2.67 ]
       - States:
          - main/x = [ 1.00, 2.00, 5.84, ..., -0.20, 0.97, 1.96 ]
          - main/y = [ 1.00, 4.22, 12.36, ..., 1.57, 1.80, 3.34 ]
          - main/z = [ 1.00, 1.05, 3.29, ..., 22.24, 17.03, 13.30 ]
       - Rates:
          - main/x/prime = [ 0.00, 22.17, 65.29, ..., 17.72, 8.32, 13.85 ]
          - main/y/prime = [ 26.00, 49.64, 131.84, ..., -2.74, 8.81, 25.44 ]
          - main/z/prime = [ -1.67, 5.62, 63.38, ..., -59.61, -43.68, -28.93 ]
       - Algebraic: empty
 - Run simulation [3]:
    - Settings:
       - Starting point: 10.000000
       - Ending point: 30.000000
       - Point interval: 0.100000
       - ODE solver: Euler (forward)
       - Initial values:
          - Constants:
             - main/sigma = 10.0
             - main/rho = 28.0
             - main/beta = 2.66667
          - States:
             - main/x = 1.9587986527939667
             - main/y = 3.344294126123224
             - main/z = 13.304593105464264
          - Rates:
             - main/x/prime = 13.854954733292573
             - main/y/prime = 25.441049101152547
             - main/z/prime = -28.928160467751443
          - Algebraic: empty
    - Result values:
       - Number of points: 201
       - Constants:
          - main/sigma = [ 10.00, 10.00, 10.00, ..., 10.00, 10.00, 10.00 ]
          - main/rho = [ 28.00, 28.00, 28.00, ..., 28.00, 28.00, 28.00 ]
          - main/beta = [ 2.67, 2.67, 2.67, ..., 2.67, 2.67, 2.67 ]
       - States:
          - main/x = [ 1.96, 4.03, 8.69, ..., 2.24, 2.07, 3.35 ]
          - main/y = [ 3.34, 7.23, 15.34, ..., 1.24, 2.72, 5.51 ]
          - main/z = [ 13.30, 11.42, 14.61, ..., 22.05, 17.17, 14.00 ]
       - Rates:
          - main/x/prime = [ 13.85, 31.95, 66.57, ..., -9.95, 6.56, 21.62 ]
          - main/y/prime = [ 25.44, 59.58, 100.96, ..., 12.07, 19.68, 41.40 ]
          - main/z/prime = [ -28.93, -1.35, 94.30, ..., -56.02, -40.14, -18.86 ]
       - Algebraic: empty

---------------------------------------
          Remote SED-ML file
---------------------------------------
 - Open simulation
 - Check simulation:
    - Valid: yes
    - Issues: none
 - Run simulation [1]:
    - Settings:
       - Starting point: 0.000000
       - Ending point: 50.000000
       - Point interval: 0.001000
       - ODE solver: CVODE
       - Initial values:
          - Constants:
             - main/sigma = 10.0
             - main/rho = 28.0
             - main/beta = 2.66667
          - States:
             - main/x = 1.0
             - main/y = 1.0
             - main/z = 1.0
          - Rates:
             - main/x/prime = 0.0
             - main/y/prime = 26.0
             - main/z/prime = -1.6666699999999999
          - Algebraic: empty
    - Result values:
       - Number of points: 50001
       - Constants:
          - main/sigma = [ 10.00, 10.00, 10.00, ..., 10.00, 10.00, 10.00 ]
          - main/rho = [ 28.00, 28.00, 28.00, ..., 28.00, 28.00, 28.00 ]
          - main/beta = [ 2.67, 2.67, 2.67, ..., 2.67, 2.67, 2.67 ]
       - States:
          - main/x = [ 1.00, 1.00, 1.00, ..., 1.42, 1.43, 1.44 ]
          - main/y = [ 1.00, 1.03, 1.05, ..., 2.56, 2.58, 2.61 ]
          - main/z = [ 1.00, 1.00, 1.00, ..., 10.85, 10.82, 10.80 ]
       - Rates:
          - main/x/prime = [ 0.00, 0.26, 0.51, ..., 11.44, 11.54, 11.64 ]
          - main/y/prime = [ 26.00, 25.98, 25.97, ..., 21.77, 21.98, 22.19 ]
          - main/z/prime = [ -1.67, -1.64, -1.61, ..., -25.30, -25.17, -25.04 ]
       - Algebraic: empty
 - New settings:
    - Starting point: 10.000000
    - Ending point: 30.000000
    - Point interval: 0.100000
    - ODE solver: Euler (forward)
 - Run simulation [2]:
    - Settings:
       - Starting point: 10.000000
       - Ending point: 30.000000
       - Point interval: 0.100000
       - ODE solver: Euler (forward)
       - Initial values:
          - Constants:
             - main/sigma = 10.0
             - main/rho = 28.0
             - main/beta = 2.66667
          - States:
             - main/x = 1.0
             - main/y = 1.0
             - main/z = 1.0
          - Rates:
             - main/x/prime = 0.0
             - main/y/prime = 26.0
             - main/z/prime = -1.6666699999999999
          - Algebraic: empty
    - Result values:
       - Number of points: 201
       - Constants:
          - main/sigma = [ 10.00, 10.00, 10.00, ..., 10.00, 10.00, 10.00 ]
          - main/rho = [ 28.00, 28.00, 28.00, ..., 28.00, 28.00, 28.00 ]
          - main/beta = [ 2.67, 2.67, 2.67, ..., 2.67, 2.67, 2.67 ]
       - States:
          - main/x = [ 1.00, 2.00, 5.84, ..., -0.20, 0.97, 1.96 ]
          - main/y = [ 1.00, 4.22, 12.36, ..., 1.57, 1.80, 3.34 ]
          - main/z = [ 1.00, 1.05, 3.29, ..., 22.24, 17.03, 13.30 ]
       - Rates:
          - main/x/prime = [ 0.00, 22.17, 65.29, ..., 17.72, 8.32, 13.85 ]
          - main/y/prime = [ 26.00, 49.64, 131.84, ..., -2.74, 8.81, 25.44 ]
          - main/z/prime = [ -1.67, 5.62, 63.38, ..., -59.61, -43.68, -28.93 ]
       - Algebraic: empty
 - Run simulation [3]:
    - Settings:
       - Starting point: 10.000000
       - Ending point: 30.000000
       - Point interval: 0.100000
       - ODE solver: Euler (forward)
       - Initial values:
          - Constants:
             - main/sigma = 10.0
             - main/rho = 28.0
             - main/beta = 2.66667
          - States:
             - main/x = 1.9587986527939667
             - main/y = 3.344294126123224
             - main/z = 13.304593105464264
          - Rates:
             - main/x/prime = 13.854954733292573
             - main/y/prime = 25.441049101152547
             - main/z/prime = -28.928160467751443
          - Algebraic: empty
    - Result values:
       - Number of points: 201
       - Constants:
          - main/sigma = [ 10.00, 10.00, 10.00, ..., 10.00, 10.00, 10.00 ]
          - main/rho = [ 28.00, 28.00, 28.00, ..., 28.00, 28.00, 28.00 ]
          - main/beta = [ 2.67, 2.67, 2.67, ..., 2.67, 2.67, 2.67 ]
       - States:
          - main/x = [ 1.96, 4.03, 8.69, ..., 2.24, 2.07, 3.35 ]
          - main/y = [ 3.34, 7.23, 15.34, ..., 1.24, 2.72, 5.51 ]
          - main/z = [ 13.30, 11.42, 14.61, ..., 22.05, 17.17, 14.00 ]
       - Rates:
          - main/x/prime = [ 13.85, 31.95, 66.57, ..., -9.95, 6.56, 21.62 ]
          - main/y/prime = [ 25.44, 59.58, 100.96, ..., 12.07, 19.68, 41.40 ]
          - main/z/prime = [ -28.93, -1.35, 94.30, ..., -56.02, -40.14, -18.86 ]
       - Algebraic: empty

---------------------------------------
         Local COMBINE archive
---------------------------------------
 - Open simulation
 - Check simulation:
    - Valid: yes
    - Issues: none
 - Run simulation [1]:
    - Settings:
       - Starting point: 0.000000
       - Ending point: 50.000000
       - Point interval: 0.001000
       - ODE solver: CVODE
       - Initial values:
          - Constants:
             - main/sigma = 10.0
             - main/rho = 28.0
             - main/beta = 2.66667
          - States:
             - main/x = 1.0
             - main/y = 1.0
             - main/z = 1.0
          - Rates:
             - main/x/prime = 0.0
             - main/y/prime = 26.0
             - main/z/prime = -1.6666699999999999
          - Algebraic: empty
    - Result values:
       - Number of points: 50001
       - Constants:
          - main/sigma = [ 10.00, 10.00, 10.00, ..., 10.00, 10.00, 10.00 ]
          - main/rho = [ 28.00, 28.00, 28.00, ..., 28.00, 28.00, 28.00 ]
          - main/beta = [ 2.67, 2.67, 2.67, ..., 2.67, 2.67, 2.67 ]
       - States:
          - main/x = [ 1.00, 1.00, 1.00, ..., 1.42, 1.43, 1.44 ]
          - main/y = [ 1.00, 1.03, 1.05, ..., 2.56, 2.58, 2.61 ]
          - main/z = [ 1.00, 1.00, 1.00, ..., 10.85, 10.82, 10.80 ]
       - Rates:
          - main/x/prime = [ 0.00, 0.26, 0.51, ..., 11.44, 11.54, 11.64 ]
          - main/y/prime = [ 26.00, 25.98, 25.97, ..., 21.77, 21.98, 22.19 ]
          - main/z/prime = [ -1.67, -1.64, -1.61, ..., -25.30, -25.17, -25.04 ]
       - Algebraic: empty
 - New settings:
    - Starting point: 10.000000
    - Ending point: 30.000000
    - Point interval: 0.100000
    - ODE solver: Euler (forward)
 - Run simulation [2]:
    - Settings:
       - Starting point: 10.000000
       - Ending point: 30.000000
       - Point interval: 0.100000
       - ODE solver: Euler (forward)
       - Initial values:
          - Constants:
             - main/sigma = 10.0
             - main/rho = 28.0
             - main/beta = 2.66667
          - States:
             - main/x = 1.0
             - main/y = 1.0
             - main/z = 1.0
          - Rates:
             - main/x/prime = 0.0
             - main/y/prime = 26.0
             - main/z/prime = -1.6666699999999999
          - Algebraic: empty
    - Result values:
       - Number of points: 201
       - Constants:
          - main/sigma = [ 10.00, 10.00, 10.00, ..., 10.00, 10.00, 10.00 ]
          - main/rho = [ 28.00, 28.00, 28.00, ..., 28.00, 28.00, 28.00 ]
          - main/beta = [ 2.67, 2.67, 2.67, ..., 2.67, 2.67, 2.67 ]
       - States:
          - main/x = [ 1.00, 2.00, 5.84, ..., -0.20, 0.97, 1.96 ]
          - main/y = [ 1.00, 4.22, 12.36, ..., 1.57, 1.80, 3.34 ]
          - main/z = [ 1.00, 1.05, 3.29, ..., 22.24, 17.03, 13.30 ]
       - Rates:
          - main/x/prime = [ 0.00, 22.17, 65.29, ..., 17.72, 8.32, 13.85 ]
          - main/y/prime = [ 26.00, 49.64, 131.84, ..., -2.74, 8.81, 25.44 ]
          - main/z/prime = [ -1.67, 5.62, 63.38, ..., -59.61, -43.68, -28.93 ]
       - Algebraic: empty
 - Run simulation [3]:
    - Settings:
       - Starting point: 10.000000
       - Ending point: 30.000000
       - Point interval: 0.100000
       - ODE solver: Euler (forward)
       - Initial values:
          - Constants:
             - main/sigma = 10.0
             - main/rho = 28.0
             - main/beta = 2.66667
          - States:
             - main/x = 1.9587986527939667
             - main/y = 3.344294126123224
             - main/z = 13.304593105464264
          - Rates:
             - main/x/prime = 13.854954733292573
             - main/y/prime = 25.441049101152547
             - main/z/prime = -28.928160467751443
          - Algebraic: empty
    - Result values:
       - Number of points: 201
       - Constants:
          - main/sigma = [ 10.00, 10.00, 10.00, ..., 10.00, 10.00, 10.00 ]
          - main/rho = [ 28.00, 28.00, 28.00, ..., 28.00, 28.00, 28.00 ]
          - main/beta = [ 2.67, 2.67, 2.67, ..., 2.67, 2.67, 2.67 ]
       - States:
          - main/x = [ 1.96, 4.03, 8.69, ..., 2.24, 2.07, 3.35 ]
          - main/y = [ 3.34, 7.23, 15.34, ..., 1.24, 2.72, 5.51 ]
          - main/z = [ 13.30, 11.42, 14.61, ..., 22.05, 17.17, 14.00 ]
       - Rates:
          - main/x/prime = [ 13.85, 31.95, 66.57, ..., -9.95, 6.56, 21.62 ]
          - main/y/prime = [ 25.44, 59.58, 100.96, ..., 12.07, 19.68, 41.40 ]
          - main/z/prime = [ -28.93, -1.35, 94.30, ..., -56.02, -40.14, -18.86 ]
       - Algebraic: empty

---------------------------------------
        Remote COMBINE archive
---------------------------------------
 - Open simulation
 - Check simulation:
    - Valid: yes
    - Issues: none
 - Run simulation [1]:
    - Settings:
       - Starting point: 0.000000
       - Ending point: 50.000000
       - Point interval: 0.001000
       - ODE solver: CVODE
       - Initial values:
          - Constants:
             - main/sigma = 10.0
             - main/rho = 28.0
             - main/beta = 2.66667
          - States:
             - main/x = 1.0
             - main/y = 1.0
             - main/z = 1.0
          - Rates:
             - main/x/prime = 0.0
             - main/y/prime = 26.0
             - main/z/prime = -1.6666699999999999
          - Algebraic: empty
    - Result values:
       - Number of points: 50001
       - Constants:
          - main/sigma = [ 10.00, 10.00, 10.00, ..., 10.00, 10.00, 10.00 ]
          - main/rho = [ 28.00, 28.00, 28.00, ..., 28.00, 28.00, 28.00 ]
          - main/beta = [ 2.67, 2.67, 2.67, ..., 2.67, 2.67, 2.67 ]
       - States:
          - main/x = [ 1.00, 1.00, 1.00, ..., 1.42, 1.43, 1.44 ]
          - main/y = [ 1.00, 1.03, 1.05, ..., 2.56, 2.58, 2.61 ]
          - main/z = [ 1.00, 1.00, 1.00, ..., 10.85, 10.82, 10.80 ]
       - Rates:
          - main/x/prime = [ 0.00, 0.26, 0.51, ..., 11.44, 11.54, 11.64 ]
          - main/y/prime = [ 26.00, 25.98, 25.97, ..., 21.77, 21.98, 22.19 ]
          - main/z/prime = [ -1.67, -1.64, -1.61, ..., -25.30, -25.17, -25.04 ]
       - Algebraic: empty
 - New settings:
    - Starting point: 10.000000
    - Ending point: 30.000000
    - Point interval: 0.100000
    - ODE solver: Euler (forward)
 - Run simulation [2]:
    - Settings:
       - Starting point: 10.000000
       - Ending point: 30.000000
       - Point interval: 0.100000
       - ODE solver: Euler (forward)
       - Initial values:
          - Constants:
             - main/sigma = 10.0
             - main/rho = 28.0
             - main/beta = 2.66667
          - States:
             - main/x = 1.0
             - main/y = 1.0
             - main/z = 1.0
          - Rates:
             - main/x/prime = 0.0
             - main/y/prime = 26.0
             - main/z/prime = -1.6666699999999999
          - Algebraic: empty
    - Result values:
       - Number of points: 201
       - Constants:
          - main/sigma = [ 10.00, 10.00, 10.00, ..., 10.00, 10.00, 10.00 ]
          - main/rho = [ 28.00, 28.00, 28.00, ..., 28.00, 28.00, 28.00 ]
          - main/beta = [ 2.67, 2.67, 2.67, ..., 2.67, 2.67, 2.67 ]
       - States:
          - main/x = [ 1.00, 2.00, 5.84, ..., -0.20, 0.97, 1.96 ]
          - main/y = [ 1.00, 4.22, 12.36, ..., 1.57, 1.80, 3.34 ]
          - main/z = [ 1.00, 1.05, 3.29, ..., 22.24, 17.03, 13.30 ]
       - Rates:
          - main/x/prime = [ 0.00, 22.17, 65.29, ..., 17.72, 8.32, 13.85 ]
          - main/y/prime = [ 26.00, 49.64, 131.84, ..., -2.74, 8.81, 25.44 ]
          - main/z/prime = [ -1.67, 5.62, 63.38, ..., -59.61, -43.68, -28.93 ]
       - Algebraic: empty
 - Run simulation [3]:
    - Settings:
       - Starting point: 10.000000
       - Ending point: 30.000000
       - Point interval: 0.100000
       - ODE solver: Euler (forward)
       - Initial values:
          - Constants:
             - main/sigma = 10.0
             - main/rho = 28.0
             - main/beta = 2.66667
          - States:
             - main/x = 1.9587986527939667
             - main/y = 3.344294126123224
             - main/z = 13.304593105464264
          - Rates:
             - main/x/prime = 13.854954733292573
             - main/y/prime = 25.441049101152547
             - main/z/prime = -28.928160467751443
          - Algebraic: empty
    - Result values:
       - Number of points: 201
       - Constants:
          - main/sigma = [ 10.00, 10.00, 10.00, ..., 10.00, 10.00, 10.00 ]
          - main/rho = [ 28.00, 28.00, 28.00, ..., 28.00, 28.00, 28.00 ]
          - main/beta = [ 2.67, 2.67, 2.67, ..., 2.67, 2.67, 2.67 ]
       - States:
          - main/x = [ 1.96, 4.03, 8.69, ..., 2.24, 2.07, 3.35 ]
          - main/y = [ 3.34, 7.23, 15.34, ..., 1.24, 2.72, 5.51 ]
          - main/z = [ 13.30, 11.42, 14.61, ..., 22.05, 17.17, 14.00 ]
       - Rates:
          - main/x/prime = [ 13.85, 31.95, 66.57, ..., -9.95, 6.56, 21.62 ]
          - main/y/prime = [ 25.44, 59.58, 100.96, ..., 12.07, 19.68, 41.40 ]
          - main/z/prime = [ -28.93, -1.35, 94.30, ..., -56.02, -40.14, -18.86 ]
       - Algebraic: empty
