---------------------------------------
     No file name or URL provided
---------------------------------------
 - Open simulation
 - OSError("'' could not be opened.")
---------------------------------------
          Unknown local file
---------------------------------------
 - Open simulation
 - OSError("'unknown' could not be opened.")

---------------------------------------
          Unknown remote file
---------------------------------------
 - Open simulation
 - OSError("'https://unknown' could not be opened (host unknown not found).")

---------------------------------------
          Invalid local file
---------------------------------------
 - Open simulation
 - Check simulation:
    - Valid: no
    - Issues:
       - Error: the model is underconstrained (i.e. some variables need to be initialised or computed).
 - Initial settings:
    - Ending point: 50.000000
    - Point interval: 0.001000
 - Run simulation [1]:
    - Settings:
       - Starting point: 0.000000
       - Ending point: 50.000000
       - Point interval: 0.001000
       - ODE solver: CVODE
       - Initial values:
          - Constants: empty
          - States: empty
          - Rates: empty
          - Algebraic: empty
 - RuntimeError('std::runtime_error: The simulation has an invalid runtime and cannot therefore be run.')

---------------------------------------
          Invalid remote file
---------------------------------------
 - Open simulation
 - Check simulation:
    - Valid: no
    - Issues:
       - Error: the model is underconstrained (i.e. some variables need to be initialised or computed).
 - Initial settings:
    - Ending point: 50.000000
    - Point interval: 0.001000
 - Run simulation [1]:
    - Settings:
       - Starting point: 0.000000
       - Ending point: 50.000000
       - Point interval: 0.001000
       - ODE solver: CVODE
       - Initial values:
          - Constants: empty
          - States: empty
          - Rates: empty
          - Algebraic: empty
 - RuntimeError('std::runtime_error: The simulation has an invalid runtime and cannot therefore be run.')

---------------------------------------
     SimulationData coverage tests
---------------------------------------
 - Test SimulationData.constants():
    - Size: 3
    - main/sigma:
       - URI: main/sigma
       - Value: 10.000000
       - Test value properly set: yes
    - main/rho:
       - URI: main/rho
       - Value: 28.000000
       - Test value properly set: yes
    - main/beta:
       - URI: main/beta
       - Value: 2.666670
       - Test value properly set: yes
 - Test SimulationData.states():
    - Size: 3
    - main/x:
       - URI: main/x
       - Value: 1.000000
       - Test value properly set: yes
    - main/y:
       - URI: main/y
       - Value: 1.000000
       - Test value properly set: yes
    - main/z:
       - URI: main/z
       - Value: 1.000000
       - Test value properly set: yes
 - Test SimulationData.rates():
    - Size: 3
    - main/x/prime:
       - URI: main/x/prime
       - Value: 0.000000
       - Test value properly set: yes
    - main/y/prime:
       - URI: main/y/prime
       - Value: 26.000000
       - Test value properly set: yes
    - main/z/prime:
       - URI: main/z/prime
       - Value: -1.666670
       - Test value properly set: yes
 - Test SimulationData.algebraic():
    - Size: 0
       - Starting point: 0.000000
       - Test Starting point properly set: yes
       - Ending point: 50.000000
       - Test Ending point properly set: yes
       - Point interval: 0.001000
       - Test Point interval properly set: yes

---------------------------------------
   SimulationResults coverage tests
---------------------------------------
 - Test SimulationResults.voi():
    - Name: t
    - Unit: dimensionless
    - URI: main/t
    - value(-1): nan
    - value(-1, -2): nan
    - value(-1, -1): nan
    - value(-1, 0): nan
    - value(-1, 1): nan
    - value(0): 0.000000
    - value(0, -2): nan
    - value(0, -1): 0.000000
    - value(0, 0): 0.000000
    - value(0, 1): nan
    - value(50000): 50.000000
    - value(50000, -2): nan
    - value(50000, -1): 50.000000
    - value(50000, 0): 50.000000
    - value(50000, 1): nan
    - value(50001): nan
    - value(50001, -2): nan
    - value(50001, -1): nan
    - value(50001, 0): nan
    - value(50001, 1): nan
    - values(-2): None
    - values(-1): [ 0.000000, 0.001000, 0.002000, ..., 49.998000, 49.999000, 50.000000 ]
    - values(0): [ 0.000000, 0.001000, 0.002000, ..., 49.998000, 49.999000, 50.000000 ]
    - values(1): None
 - Test SimulationResults.constants():
    - Size: 3
    - Test main/sigma:
       - Name: sigma
       - Unit: dimensionless
       - URI: main/sigma
       - value(-1): nan
       - value(-1, -2): nan
       - value(-1, -1): nan
       - value(-1, 0): nan
       - value(-1, 1): nan
       - value(0): 10.000000
       - value(0, -2): nan
       - value(0, -1): 10.000000
       - value(0, 0): 10.000000
       - value(0, 1): nan
       - value(50000): 10.000000
       - value(50000, -2): nan
       - value(50000, -1): 10.000000
       - value(50000, 0): 10.000000
       - value(50000, 1): nan
       - value(50001): nan
       - value(50001, -2): nan
       - value(50001, -1): nan
       - value(50001, 0): nan
       - value(50001, 1): nan
       - values(-2): None
       - values(-1): [ 10.000000, 10.000000, 10.000000, ..., 10.000000, 10.000000, 10.000000 ]
       - values(0): [ 10.000000, 10.000000, 10.000000, ..., 10.000000, 10.000000, 10.000000 ]
       - values(1): None
    - Test main/rho:
       - Name: rho
       - Unit: dimensionless
       - URI: main/rho
       - value(-1): nan
       - value(-1, -2): nan
       - value(-1, -1): nan
       - value(-1, 0): nan
       - value(-1, 1): nan
       - value(0): 28.000000
       - value(0, -2): nan
       - value(0, -1): 28.000000
       - value(0, 0): 28.000000
       - value(0, 1): nan
       - value(50000): 28.000000
       - value(50000, -2): nan
       - value(50000, -1): 28.000000
       - value(50000, 0): 28.000000
       - value(50000, 1): nan
       - value(50001): nan
       - value(50001, -2): nan
       - value(50001, -1): nan
       - value(50001, 0): nan
       - value(50001, 1): nan
       - values(-2): None
       - values(-1): [ 28.000000, 28.000000, 28.000000, ..., 28.000000, 28.000000, 28.000000 ]
       - values(0): [ 28.000000, 28.000000, 28.000000, ..., 28.000000, 28.000000, 28.000000 ]
       - values(1): None
    - Test main/beta:
       - Name: beta
       - Unit: dimensionless
       - URI: main/beta
       - value(-1): nan
       - value(-1, -2): nan
       - value(-1, -1): nan
       - value(-1, 0): nan
       - value(-1, 1): nan
       - value(0): 2.666670
       - value(0, -2): nan
       - value(0, -1): 2.666670
       - value(0, 0): 2.666670
       - value(0, 1): nan
       - value(50000): 2.666670
       - value(50000, -2): nan
       - value(50000, -1): 2.666670
       - value(50000, 0): 2.666670
       - value(50000, 1): nan
       - value(50001): nan
       - value(50001, -2): nan
       - value(50001, -1): nan
       - value(50001, 0): nan
       - value(50001, 1): nan
       - values(-2): None
       - values(-1): [ 2.666670, 2.666670, 2.666670, ..., 2.666670, 2.666670, 2.666670 ]
       - values(0): [ 2.666670, 2.666670, 2.666670, ..., 2.666670, 2.666670, 2.666670 ]
       - values(1): None
 - Test SimulationResults.states():
    - Size: 3
    - Test main/x:
       - Name: x
       - Unit: dimensionless
       - URI: main/x
       - value(-1): nan
       - value(-1, -2): nan
       - value(-1, -1): nan
       - value(-1, 0): nan
       - value(-1, 1): nan
       - value(0): 1.000000
       - value(0, -2): nan
       - value(0, -1): 1.000000
       - value(0, 0): 1.000000
       - value(0, 1): nan
       - value(50000): 1.441809
       - value(50000, -2): nan
       - value(50000, -1): 1.441809
       - value(50000, 0): 1.441809
       - value(50000, 1): nan
       - value(50001): nan
       - value(50001, -2): nan
       - value(50001, -1): nan
       - value(50001, 0): nan
       - value(50001, 1): nan
       - values(-2): None
       - values(-1): [ 1.000000, 1.000130, 1.000517, ..., 1.418729, 1.430217, 1.441809 ]
       - values(0): [ 1.000000, 1.000130, 1.000517, ..., 1.418729, 1.430217, 1.441809 ]
       - values(1): None
    - Test main/y:
       - Name: y
       - Unit: dimensionless
       - URI: main/y
       - value(-1): nan
       - value(-1, -2): nan
       - value(-1, -1): nan
       - value(-1, 0): nan
       - value(-1, 1): nan
       - value(0): 1.000000
       - value(0, -2): nan
       - value(0, -1): 1.000000
       - value(0, 0): 1.000000
       - value(0, 1): nan
       - value(50000): 2.606299
       - value(50000, -2): nan
       - value(50000, -1): 2.606299
       - value(50000, 0): 2.606299
       - value(50000, 1): nan
       - value(50001): nan
       - value(50001, -2): nan
       - value(50001, -1): nan
       - value(50001, 0): nan
       - value(50001, 1): nan
       - values(-2): None
       - values(-1): [ 1.000000, 1.025989, 1.051961, ..., 2.562336, 2.584211, 2.606299 ]
       - values(0): [ 1.000000, 1.025989, 1.051961, ..., 2.562336, 2.584211, 2.606299 ]
       - values(1): None
    - Test main/z:
       - Name: z
       - Unit: dimensionless
       - URI: main/z
       - value(-1): nan
       - value(-1, -2): nan
       - value(-1, -1): nan
       - value(-1, 0): nan
       - value(-1, 1): nan
       - value(0): 1.000000
       - value(0, -2): nan
       - value(0, -1): 1.000000
       - value(0, 0): 1.000000
       - value(0, 1): nan
       - value(50000): 10.798812
       - value(50000, -2): nan
       - value(50000, -1): 10.798812
       - value(50000, 0): 10.798812
       - value(50000, 1): nan
       - value(50001): nan
       - value(50001, -2): nan
       - value(50001, -1): nan
       - value(50001, 0): nan
       - value(50001, 1): nan
       - values(-2): None
       - values(-1): [ 1.000000, 0.998349, 0.996728, ..., 10.849148, 10.823916, 10.798812 ]
       - values(0): [ 1.000000, 0.998349, 0.996728, ..., 10.849148, 10.823916, 10.798812 ]
       - values(1): None
 - Test SimulationResults.rates():
    - Size: 3
    - Test main/x/prime:
       - Name: x'
       - Unit: dimensionless/dimensionless
       - URI: main/x/prime
       - value(-1): nan
       - value(-1, -2): nan
       - value(-1, -1): nan
       - value(-1, 0): nan
       - value(-1, 1): nan
       - value(0): 0.000000
       - value(0, -2): nan
       - value(0, -1): 0.000000
       - value(0, 0): 0.000000
       - value(0, 1): nan
       - value(50000): 11.644895
       - value(50000, -2): nan
       - value(50000, -1): 11.644895
       - value(50000, 0): 11.644895
       - value(50000, 1): nan
       - value(50001): nan
       - value(50001, -2): nan
       - value(50001, -1): nan
       - value(50001, 0): nan
       - value(50001, 1): nan
       - values(-2): None
       - values(-1): [ 0.000000, 0.258590, 0.514440, ..., 11.436065, 11.539941, 11.644895 ]
       - values(0): [ 0.000000, 0.258590, 0.514440, ..., 11.436065, 11.539941, 11.644895 ]
       - values(1): None
    - Test main/y/prime:
       - Name: y'
       - Unit: dimensionless/dimensionless
       - URI: main/y/prime
       - value(-1): nan
       - value(-1, -2): nan
       - value(-1, -1): nan
       - value(-1, 0): nan
       - value(-1, 1): nan
       - value(0): 26.000000
       - value(0, -2): nan
       - value(0, -1): 26.000000
       - value(0, 0): 26.000000
       - value(0, 1): nan
       - value(50000): 22.194533
       - value(50000, -2): nan
       - value(50000, -1): 22.194533
       - value(50000, 0): 22.194533
       - value(50000, 1): nan
       - value(50001): nan
       - value(50001, -2): nan
       - value(50001, -1): nan
       - value(50001, 0): nan
       - value(50001, 1): nan
       - values(-2): None
       - values(-1): [ 26.000000, 25.979173, 25.965265, ..., 21.770076, 21.981315, 22.194533 ]
       - values(0): [ 26.000000, 25.979173, 25.965265, ..., 21.770076, 21.981315, 22.194533 ]
       - values(1): None
    - Test main/z/prime:
       - Name: z'
       - Unit: dimensionless/dimensionless
       - URI: main/z/prime
       - value(-1): nan
       - value(-1, -2): nan
       - value(-1, -1): nan
       - value(-1, 0): nan
       - value(-1, 1): nan
       - value(0): -1.666670
       - value(0, -2): nan
       - value(0, -1): -1.666670
       - value(0, 0): -1.666670
       - value(0, 1): nan
       - value(50000): -25.039083
       - value(50000, -2): nan
       - value(50000, -1): -25.039083
       - value(50000, 0): -25.039083
       - value(50000, 1): nan
       - value(50001): nan
       - value(50001, -2): nan
       - value(50001, -1): nan
       - value(50001, 0): nan
       - value(50001, 1): nan
       - values(-2): None
       - values(-1): [ -1.666670, -1.636144, -1.605440, ..., -25.295837, -25.167829, -25.039083 ]
       - values(0): [ -1.666670, -1.636144, -1.605440, ..., -25.295837, -25.167829, -25.039083 ]
       - values(1): None
 - Test SimulationResults.algebraic():
    - Size: 0
    - Test SimulationResults.data_store():
    - Test DataStore.voi():
       - Name: t
       - Unit: dimensionless
       - URI: main/t
       - value(-1): nan
       - value(-1, -2): nan
       - value(-1, -1): nan
       - value(-1, 0): nan
       - value(-1, 1): nan
       - value(0): 0.000000
       - value(0, -2): nan
       - value(0, -1): 0.000000
       - value(0, 0): 0.000000
       - value(0, 1): nan
       - value(50000): 50.000000
       - value(50000, -2): nan
       - value(50000, -1): 50.000000
       - value(50000, 0): 50.000000
       - value(50000, 1): nan
       - value(50001): nan
       - value(50001, -2): nan
       - value(50001, -1): nan
       - value(50001, 0): nan
       - value(50001, 1): nan
       - values(-2): None
       - values(-1): [ 0.000000, 0.001000, 0.002000, ..., 49.998000, 49.999000, 50.000000 ]
       - values(0): [ 0.000000, 0.001000, 0.002000, ..., 49.998000, 49.999000, 50.000000 ]
       - values(1): None
    - Test DataStore.variables():
       - Size: 9
       - Test main/beta:
          - Name: beta
          - Unit: dimensionless
          - URI: main/beta
          - value(-1): nan
          - value(-1, -2): nan
          - value(-1, -1): nan
          - value(-1, 0): nan
          - value(-1, 1): nan
          - value(0): 2.666670
          - value(0, -2): nan
          - value(0, -1): 2.666670
          - value(0, 0): 2.666670
          - value(0, 1): nan
          - value(50000): 2.666670
          - value(50000, -2): nan
          - value(50000, -1): 2.666670
          - value(50000, 0): 2.666670
          - value(50000, 1): nan
          - value(50001): nan
          - value(50001, -2): nan
          - value(50001, -1): nan
          - value(50001, 0): nan
          - value(50001, 1): nan
          - values(-2): None
          - values(-1): [ 2.666670, 2.666670, 2.666670, ..., 2.666670, 2.666670, 2.666670 ]
          - values(0): [ 2.666670, 2.666670, 2.666670, ..., 2.666670, 2.666670, 2.666670 ]
          - values(1): None
       - Test main/rho:
          - Name: rho
          - Unit: dimensionless
          - URI: main/rho
          - value(-1): nan
          - value(-1, -2): nan
          - value(-1, -1): nan
          - value(-1, 0): nan
          - value(-1, 1): nan
          - value(0): 28.000000
          - value(0, -2): nan
          - value(0, -1): 28.000000
          - value(0, 0): 28.000000
          - value(0, 1): nan
          - value(50000): 28.000000
          - value(50000, -2): nan
          - value(50000, -1): 28.000000
          - value(50000, 0): 28.000000
          - value(50000, 1): nan
          - value(50001): nan
          - value(50001, -2): nan
          - value(50001, -1): nan
          - value(50001, 0): nan
          - value(50001, 1): nan
          - values(-2): None
          - values(-1): [ 28.000000, 28.000000, 28.000000, ..., 28.000000, 28.000000, 28.000000 ]
          - values(0): [ 28.000000, 28.000000, 28.000000, ..., 28.000000, 28.000000, 28.000000 ]
          - values(1): None
       - Test main/sigma:
          - Name: sigma
          - Unit: dimensionless
          - URI: main/sigma
          - value(-1): nan
          - value(-1, -2): nan
          - value(-1, -1): nan
          - value(-1, 0): nan
          - value(-1, 1): nan
          - value(0): 10.000000
          - value(0, -2): nan
          - value(0, -1): 10.000000
          - value(0, 0): 10.000000
          - value(0, 1): nan
          - value(50000): 10.000000
          - value(50000, -2): nan
          - value(50000, -1): 10.000000
          - value(50000, 0): 10.000000
          - value(50000, 1): nan
          - value(50001): nan
          - value(50001, -2): nan
          - value(50001, -1): nan
          - value(50001, 0): nan
          - value(50001, 1): nan
          - values(-2): None
          - values(-1): [ 10.000000, 10.000000, 10.000000, ..., 10.000000, 10.000000, 10.000000 ]
          - values(0): [ 10.000000, 10.000000, 10.000000, ..., 10.000000, 10.000000, 10.000000 ]
          - values(1): None
       - Test main/x:
          - Name: x
          - Unit: dimensionless
          - URI: main/x
          - value(-1): nan
          - value(-1, -2): nan
          - value(-1, -1): nan
          - value(-1, 0): nan
          - value(-1, 1): nan
          - value(0): 1.000000
          - value(0, -2): nan
          - value(0, -1): 1.000000
          - value(0, 0): 1.000000
          - value(0, 1): nan
          - value(50000): 1.441809
          - value(50000, -2): nan
          - value(50000, -1): 1.441809
          - value(50000, 0): 1.441809
          - value(50000, 1): nan
          - value(50001): nan
          - value(50001, -2): nan
          - value(50001, -1): nan
          - value(50001, 0): nan
          - value(50001, 1): nan
          - values(-2): None
          - values(-1): [ 1.000000, 1.000130, 1.000517, ..., 1.418729, 1.430217, 1.441809 ]
          - values(0): [ 1.000000, 1.000130, 1.000517, ..., 1.418729, 1.430217, 1.441809 ]
          - values(1): None
       - Test main/x/prime:
          - Name: x'
          - Unit: dimensionless/dimensionless
          - URI: main/x/prime
          - value(-1): nan
          - value(-1, -2): nan
          - value(-1, -1): nan
          - value(-1, 0): nan
          - value(-1, 1): nan
          - value(0): 0.000000
          - value(0, -2): nan
          - value(0, -1): 0.000000
          - value(0, 0): 0.000000
          - value(0, 1): nan
          - value(50000): 11.644895
          - value(50000, -2): nan
          - value(50000, -1): 11.644895
          - value(50000, 0): 11.644895
          - value(50000, 1): nan
          - value(50001): nan
          - value(50001, -2): nan
          - value(50001, -1): nan
          - value(50001, 0): nan
          - value(50001, 1): nan
          - values(-2): None
          - values(-1): [ 0.000000, 0.258590, 0.514440, ..., 11.436065, 11.539941, 11.644895 ]
          - values(0): [ 0.000000, 0.258590, 0.514440, ..., 11.436065, 11.539941, 11.644895 ]
          - values(1): None
       - Test main/y:
          - Name: y
          - Unit: dimensionless
          - URI: main/y
          - value(-1): nan
          - value(-1, -2): nan
          - value(-1, -1): nan
          - value(-1, 0): nan
          - value(-1, 1): nan
          - value(0): 1.000000
          - value(0, -2): nan
          - value(0, -1): 1.000000
          - value(0, 0): 1.000000
          - value(0, 1): nan
          - value(50000): 2.606299
          - value(50000, -2): nan
          - value(50000, -1): 2.606299
          - value(50000, 0): 2.606299
          - value(50000, 1): nan
          - value(50001): nan
          - value(50001, -2): nan
          - value(50001, -1): nan
          - value(50001, 0): nan
          - value(50001, 1): nan
          - values(-2): None
          - values(-1): [ 1.000000, 1.025989, 1.051961, ..., 2.562336, 2.584211, 2.606299 ]
          - values(0): [ 1.000000, 1.025989, 1.051961, ..., 2.562336, 2.584211, 2.606299 ]
          - values(1): None
       - Test main/y/prime:
          - Name: y'
          - Unit: dimensionless/dimensionless
          - URI: main/y/prime
          - value(-1): nan
          - value(-1, -2): nan
          - value(-1, -1): nan
          - value(-1, 0): nan
          - value(-1, 1): nan
          - value(0): 26.000000
          - value(0, -2): nan
          - value(0, -1): 26.000000
          - value(0, 0): 26.000000
          - value(0, 1): nan
          - value(50000): 22.194533
          - value(50000, -2): nan
          - value(50000, -1): 22.194533
          - value(50000, 0): 22.194533
          - value(50000, 1): nan
          - value(50001): nan
          - value(50001, -2): nan
          - value(50001, -1): nan
          - value(50001, 0): nan
          - value(50001, 1): nan
          - values(-2): None
          - values(-1): [ 26.000000, 25.979173, 25.965265, ..., 21.770076, 21.981315, 22.194533 ]
          - values(0): [ 26.000000, 25.979173, 25.965265, ..., 21.770076, 21.981315, 22.194533 ]
          - values(1): None
       - Test main/z:
          - Name: z
          - Unit: dimensionless
          - URI: main/z
          - value(-1): nan
          - value(-1, -2): nan
          - value(-1, -1): nan
          - value(-1, 0): nan
          - value(-1, 1): nan
          - value(0): 1.000000
          - value(0, -2): nan
          - value(0, -1): 1.000000
          - value(0, 0): 1.000000
          - value(0, 1): nan
          - value(50000): 10.798812
          - value(50000, -2): nan
          - value(50000, -1): 10.798812
          - value(50000, 0): 10.798812
          - value(50000, 1): nan
          - value(50001): nan
          - value(50001, -2): nan
          - value(50001, -1): nan
          - value(50001, 0): nan
          - value(50001, 1): nan
          - values(-2): None
          - values(-1): [ 1.000000, 0.998349, 0.996728, ..., 10.849148, 10.823916, 10.798812 ]
          - values(0): [ 1.000000, 0.998349, 0.996728, ..., 10.849148, 10.823916, 10.798812 ]
          - values(1): None
       - Test main/z/prime:
          - Name: z'
          - Unit: dimensionless/dimensionless
          - URI: main/z/prime
          - value(-1): nan
          - value(-1, -2): nan
          - value(-1, -1): nan
          - value(-1, 0): nan
          - value(-1, 1): nan
          - value(0): -1.666670
          - value(0, -2): nan
          - value(0, -1): -1.666670
          - value(0, 0): -1.666670
          - value(0, 1): nan
          - value(50000): -25.039083
          - value(50000, -2): nan
          - value(50000, -1): -25.039083
          - value(50000, 0): -25.039083
          - value(50000, 1): nan
          - value(50001): nan
          - value(50001, -2): nan
          - value(50001, -1): nan
          - value(50001, 0): nan
          - value(50001, 1): nan
          - values(-2): None
          - values(-1): [ -1.666670, -1.636144, -1.605440, ..., -25.295837, -25.167829, -25.039083 ]
          - values(0): [ -1.666670, -1.636144, -1.605440, ..., -25.295837, -25.167829, -25.039083 ]
          - values(1): None
    - Test DataStore.voi_and_variables():
       - Size: 10
       - Test main/beta:
          - Name: beta
          - Unit: dimensionless
          - URI: main/beta
          - value(-1): nan
          - value(-1, -2): nan
          - value(-1, -1): nan
          - value(-1, 0): nan
          - value(-1, 1): nan
          - value(0): 2.666670
          - value(0, -2): nan
          - value(0, -1): 2.666670
          - value(0, 0): 2.666670
          - value(0, 1): nan
          - value(50000): 2.666670
          - value(50000, -2): nan
          - value(50000, -1): 2.666670
          - value(50000, 0): 2.666670
          - value(50000, 1): nan
          - value(50001): nan
          - value(50001, -2): nan
          - value(50001, -1): nan
          - value(50001, 0): nan
          - value(50001, 1): nan
          - values(-2): None
          - values(-1): [ 2.666670, 2.666670, 2.666670, ..., 2.666670, 2.666670, 2.666670 ]
          - values(0): [ 2.666670, 2.666670, 2.666670, ..., 2.666670, 2.666670, 2.666670 ]
          - values(1): None
       - Test main/rho:
          - Name: rho
          - Unit: dimensionless
          - URI: main/rho
          - value(-1): nan
          - value(-1, -2): nan
          - value(-1, -1): nan
          - value(-1, 0): nan
          - value(-1, 1): nan
          - value(0): 28.000000
          - value(0, -2): nan
          - value(0, -1): 28.000000
          - value(0, 0): 28.000000
          - value(0, 1): nan
          - value(50000): 28.000000
          - value(50000, -2): nan
          - value(50000, -1): 28.000000
          - value(50000, 0): 28.000000
          - value(50000, 1): nan
          - value(50001): nan
          - value(50001, -2): nan
          - value(50001, -1): nan
          - value(50001, 0): nan
          - value(50001, 1): nan
          - values(-2): None
          - values(-1): [ 28.000000, 28.000000, 28.000000, ..., 28.000000, 28.000000, 28.000000 ]
          - values(0): [ 28.000000, 28.000000, 28.000000, ..., 28.000000, 28.000000, 28.000000 ]
          - values(1): None
       - Test main/sigma:
          - Name: sigma
          - Unit: dimensionless
          - URI: main/sigma
          - value(-1): nan
          - value(-1, -2): nan
          - value(-1, -1): nan
          - value(-1, 0): nan
          - value(-1, 1): nan
          - value(0): 10.000000
          - value(0, -2): nan
          - value(0, -1): 10.000000
          - value(0, 0): 10.000000
          - value(0, 1): nan
          - value(50000): 10.000000
          - value(50000, -2): nan
          - value(50000, -1): 10.000000
          - value(50000, 0): 10.000000
          - value(50000, 1): nan
          - value(50001): nan
          - value(50001, -2): nan
          - value(50001, -1): nan
          - value(50001, 0): nan
          - value(50001, 1): nan
          - values(-2): None
          - values(-1): [ 10.000000, 10.000000, 10.000000, ..., 10.000000, 10.000000, 10.000000 ]
          - values(0): [ 10.000000, 10.000000, 10.000000, ..., 10.000000, 10.000000, 10.000000 ]
          - values(1): None
       - Test main/t:
          - Name: t
          - Unit: dimensionless
          - URI: main/t
          - value(-1): nan
          - value(-1, -2): nan
          - value(-1, -1): nan
          - value(-1, 0): nan
          - value(-1, 1): nan
          - value(0): 0.000000
          - value(0, -2): nan
          - value(0, -1): 0.000000
          - value(0, 0): 0.000000
          - value(0, 1): nan
          - value(50000): 50.000000
          - value(50000, -2): nan
          - value(50000, -1): 50.000000
          - value(50000, 0): 50.000000
          - value(50000, 1): nan
          - value(50001): nan
          - value(50001, -2): nan
          - value(50001, -1): nan
          - value(50001, 0): nan
          - value(50001, 1): nan
          - values(-2): None
          - values(-1): [ 0.000000, 0.001000, 0.002000, ..., 49.998000, 49.999000, 50.000000 ]
          - values(0): [ 0.000000, 0.001000, 0.002000, ..., 49.998000, 49.999000, 50.000000 ]
          - values(1): None
       - Test main/x:
          - Name: x
          - Unit: dimensionless
          - URI: main/x
          - value(-1): nan
          - value(-1, -2): nan
          - value(-1, -1): nan
          - value(-1, 0): nan
          - value(-1, 1): nan
          - value(0): 1.000000
          - value(0, -2): nan
          - value(0, -1): 1.000000
          - value(0, 0): 1.000000
          - value(0, 1): nan
          - value(50000): 1.441809
          - value(50000, -2): nan
          - value(50000, -1): 1.441809
          - value(50000, 0): 1.441809
          - value(50000, 1): nan
          - value(50001): nan
          - value(50001, -2): nan
          - value(50001, -1): nan
          - value(50001, 0): nan
          - value(50001, 1): nan
          - values(-2): None
          - values(-1): [ 1.000000, 1.000130, 1.000517, ..., 1.418729, 1.430217, 1.441809 ]
          - values(0): [ 1.000000, 1.000130, 1.000517, ..., 1.418729, 1.430217, 1.441809 ]
          - values(1): None
       - Test main/x/prime:
          - Name: x'
          - Unit: dimensionless/dimensionless
          - URI: main/x/prime
          - value(-1): nan
          - value(-1, -2): nan
          - value(-1, -1): nan
          - value(-1, 0): nan
          - value(-1, 1): nan
          - value(0): 0.000000
          - value(0, -2): nan
          - value(0, -1): 0.000000
          - value(0, 0): 0.000000
          - value(0, 1): nan
          - value(50000): 11.644895
          - value(50000, -2): nan
          - value(50000, -1): 11.644895
          - value(50000, 0): 11.644895
          - value(50000, 1): nan
          - value(50001): nan
          - value(50001, -2): nan
          - value(50001, -1): nan
          - value(50001, 0): nan
          - value(50001, 1): nan
          - values(-2): None
          - values(-1): [ 0.000000, 0.258590, 0.514440, ..., 11.436065, 11.539941, 11.644895 ]
          - values(0): [ 0.000000, 0.258590, 0.514440, ..., 11.436065, 11.539941, 11.644895 ]
          - values(1): None
       - Test main/y:
          - Name: y
          - Unit: dimensionless
          - URI: main/y
          - value(-1): nan
          - value(-1, -2): nan
          - value(-1, -1): nan
          - value(-1, 0): nan
          - value(-1, 1): nan
          - value(0): 1.000000
          - value(0, -2): nan
          - value(0, -1): 1.000000
          - value(0, 0): 1.000000
          - value(0, 1): nan
          - value(50000): 2.606299
          - value(50000, -2): nan
          - value(50000, -1): 2.606299
          - value(50000, 0): 2.606299
          - value(50000, 1): nan
          - value(50001): nan
          - value(50001, -2): nan
          - value(50001, -1): nan
          - value(50001, 0): nan
          - value(50001, 1): nan
          - values(-2): None
          - values(-1): [ 1.000000, 1.025989, 1.051961, ..., 2.562336, 2.584211, 2.606299 ]
          - values(0): [ 1.000000, 1.025989, 1.051961, ..., 2.562336, 2.584211, 2.606299 ]
          - values(1): None
       - Test main/y/prime:
          - Name: y'
          - Unit: dimensionless/dimensionless
          - URI: main/y/prime
          - value(-1): nan
          - value(-1, -2): nan
          - value(-1, -1): nan
          - value(-1, 0): nan
          - value(-1, 1): nan
          - value(0): 26.000000
          - value(0, -2): nan
          - value(0, -1): 26.000000
          - value(0, 0): 26.000000
          - value(0, 1): nan
          - value(50000): 22.194533
          - value(50000, -2): nan
          - value(50000, -1): 22.194533
          - value(50000, 0): 22.194533
          - value(50000, 1): nan
          - value(50001): nan
          - value(50001, -2): nan
          - value(50001, -1): nan
          - value(50001, 0): nan
          - value(50001, 1): nan
          - values(-2): None
          - values(-1): [ 26.000000, 25.979173, 25.965265, ..., 21.770076, 21.981315, 22.194533 ]
          - values(0): [ 26.000000, 25.979173, 25.965265, ..., 21.770076, 21.981315, 22.194533 ]
          - values(1): None
       - Test main/z:
          - Name: z
          - Unit: dimensionless
          - URI: main/z
          - value(-1): nan
          - value(-1, -2): nan
          - value(-1, -1): nan
          - value(-1, 0): nan
          - value(-1, 1): nan
          - value(0): 1.000000
          - value(0, -2): nan
          - value(0, -1): 1.000000
          - value(0, 0): 1.000000
          - value(0, 1): nan
          - value(50000): 10.798812
          - value(50000, -2): nan
          - value(50000, -1): 10.798812
          - value(50000, 0): 10.798812
          - value(50000, 1): nan
          - value(50001): nan
          - value(50001, -2): nan
          - value(50001, -1): nan
          - value(50001, 0): nan
          - value(50001, 1): nan
          - values(-2): None
          - values(-1): [ 1.000000, 0.998349, 0.996728, ..., 10.849148, 10.823916, 10.798812 ]
          - values(0): [ 1.000000, 0.998349, 0.996728, ..., 10.849148, 10.823916, 10.798812 ]
          - values(1): None
       - Test main/z/prime:
          - Name: z'
          - Unit: dimensionless/dimensionless
          - URI: main/z/prime
          - value(-1): nan
          - value(-1, -2): nan
          - value(-1, -1): nan
          - value(-1, 0): nan
          - value(-1, 1): nan
          - value(0): -1.666670
          - value(0, -2): nan
          - value(0, -1): -1.666670
          - value(0, 0): -1.666670
          - value(0, 1): nan
          - value(50000): -25.039083
          - value(50000, -2): nan
          - value(50000, -1): -25.039083
          - value(50000, 0): -25.039083
          - value(50000, 1): nan
          - value(50001): nan
          - value(50001, -2): nan
          - value(50001, -1): nan
          - value(50001, 0): nan
          - value(50001, 1): nan
          - values(-2): None
          - values(-1): [ -1.666670, -1.636144, -1.605440, ..., -25.295837, -25.167829, -25.039083 ]
          - values(0): [ -1.666670, -1.636144, -1.605440, ..., -25.295837, -25.167829, -25.039083 ]
          - values(1): None
