---------------------------------------
       Hodgkinâ€“Huxley 1952 model
---------------------------------------
 - CVODE:
    - Constants:
       - membrane/E_R = [ 0.000, 0.000, 0.000, ..., 0.000, 0.000, 0.000 ]
       - membrane/Cm = [ 1.000, 1.000, 1.000, ..., 1.000, 1.000, 1.000 ]
       - sodium_channel/g_Na = [ 120.000, 120.000, 120.000, ..., 120.000, 120.000, 120.000 ]
       - potassium_channel/g_K = [ 36.000, 36.000, 36.000, ..., 36.000, 36.000, 36.000 ]
       - leakage_current/g_L = [ 0.300, 0.300, 0.300, ..., 0.300, 0.300, 0.300 ]
       - sodium_channel/E_Na = [ -115.000, -115.000, -115.000, ..., -115.000, -115.000, -115.000 ]
       - potassium_channel/E_K = [ 12.000, 12.000, 12.000, ..., 12.000, 12.000, 12.000 ]
       - leakage_current/E_L = [ -10.613, -10.613, -10.613, ..., -10.613, -10.613, -10.613 ]
    - States:
       - membrane/V = [ 0.000, 0.324, 0.444, ..., -0.004, -0.004, -0.004 ]
       - sodium_channel/sodium_channel_m_gate/m = [ 0.050, 0.051, 0.050, ..., 0.053, 0.053, 0.053 ]
       - sodium_channel/sodium_channel_h_gate/h = [ 0.600, 0.600, 0.601, ..., 0.596, 0.596, 0.596 ]
       - potassium_channel/potassium_channel_n_gate/n = [ 0.325, 0.323, 0.321, ..., 0.318, 0.318, 0.318 ]
    - Rates:
       - membrane/V/prime = [ 0.601, 0.192, 0.055, ..., -0.000, -0.000, -0.000 ]
       - sodium_channel/sodium_channel_m_gate/m/prime = [ 0.012, -0.001, -0.001, ..., 0.000, 0.000, 0.000 ]
       - sodium_channel/sodium_channel_h_gate/h/prime = [ -0.000, 0.001, 0.001, ..., -0.000, -0.000, -0.000 ]
       - potassium_channel/potassium_channel_n_gate/n/prime = [ -0.001, -0.002, -0.002, ..., 0.000, 0.000, 0.000 ]
    - Algebraic:
       - membrane/i_Stim = [ 0.000, 0.000, 0.000, ..., 0.000, 0.000, 0.000 ]
       - sodium_channel/sodium_channel_m_gate/alpha_m = [ 0.224, 0.219, 0.217, ..., 0.224, 0.224, 0.224 ]
       - sodium_channel/sodium_channel_h_gate/alpha_h = [ 0.070, 0.071, 0.072, ..., 0.070, 0.070, 0.070 ]
       - potassium_channel/potassium_channel_n_gate/alpha_n = [ 0.058, 0.057, 0.057, ..., 0.058, 0.058, 0.058 ]
       - sodium_channel/i_Na = [ 1.035, 1.117, 1.063, ..., 1.221, 1.221, 1.221 ]
       - sodium_channel/sodium_channel_m_gate/beta_m = [ 4.000, 4.073, 4.100, ..., 3.999, 3.999, 3.999 ]
       - sodium_channel/sodium_channel_h_gate/beta_h = [ 0.047, 0.046, 0.045, ..., 0.047, 0.047, 0.047 ]
       - potassium_channel/potassium_channel_n_gate/beta_n = [ 0.125, 0.126, 0.126, ..., 0.125, 0.125, 0.125 ]
       - potassium_channel/i_K = [ -4.820, -4.591, -4.435, ..., -4.404, -4.404, -4.404 ]
       - leakage_current/i_L = [ 3.184, 3.281, 3.317, ..., 3.183, 3.183, 3.183 ]
 - Euler (forward):
    - Constants:
       - membrane/E_R = [ 0.000, 0.000, 0.000, ..., 0.000, 0.000, 0.000 ]
       - membrane/Cm = [ 1.000, 1.000, 1.000, ..., 1.000, 1.000, 1.000 ]
       - sodium_channel/g_Na = [ 120.000, 120.000, 120.000, ..., 120.000, 120.000, 120.000 ]
       - potassium_channel/g_K = [ 36.000, 36.000, 36.000, ..., 36.000, 36.000, 36.000 ]
       - leakage_current/g_L = [ 0.300, 0.300, 0.300, ..., 0.300, 0.300, 0.300 ]
       - sodium_channel/E_Na = [ -115.000, -115.000, -115.000, ..., -115.000, -115.000, -115.000 ]
       - potassium_channel/E_K = [ 12.000, 12.000, 12.000, ..., 12.000, 12.000, 12.000 ]
       - leakage_current/E_L = [ -10.613, -10.613, -10.613, ..., -10.613, -10.613, -10.613 ]
    - States:
       - membrane/V = [ 0.000, 0.325, 0.445, ..., -0.004, -0.004, -0.004 ]
       - sodium_channel/sodium_channel_m_gate/m = [ 0.050, 0.051, 0.050, ..., 0.053, 0.053, 0.053 ]
       - sodium_channel/sodium_channel_h_gate/h = [ 0.600, 0.600, 0.601, ..., 0.596, 0.596, 0.596 ]
       - potassium_channel/potassium_channel_n_gate/n = [ 0.325, 0.323, 0.321, ..., 0.318, 0.318, 0.318 ]
    - Rates:
       - membrane/V/prime = [ 0.601, 0.192, 0.055, ..., 0.000, 0.000, -0.000 ]
       - sodium_channel/sodium_channel_m_gate/m/prime = [ 0.012, -0.001, -0.000, ..., -0.000, -0.000, -0.000 ]
       - sodium_channel/sodium_channel_h_gate/h/prime = [ -0.000, 0.001, 0.001, ..., -0.000, -0.000, -0.000 ]
       - potassium_channel/potassium_channel_n_gate/n/prime = [ -0.001, -0.002, -0.002, ..., -0.000, -0.000, -0.000 ]
    - Algebraic:
       - membrane/i_Stim = [ 0.000, 0.000, 0.000, ..., 0.000, 0.000, 0.000 ]
       - sodium_channel/sodium_channel_m_gate/alpha_m = [ 0.224, 0.219, 0.217, ..., 0.224, 0.224, 0.224 ]
       - sodium_channel/sodium_channel_h_gate/alpha_h = [ 0.070, 0.071, 0.072, ..., 0.070, 0.070, 0.070 ]
       - potassium_channel/potassium_channel_n_gate/alpha_n = [ 0.058, 0.057, 0.057, ..., 0.058, 0.058, 0.058 ]
       - sodium_channel/i_Na = [ 1.035, 1.117, 1.063, ..., 1.221, 1.221, 1.221 ]
       - sodium_channel/sodium_channel_m_gate/beta_m = [ 4.000, 4.073, 4.100, ..., 3.999, 3.999, 3.999 ]
       - sodium_channel/sodium_channel_h_gate/beta_h = [ 0.047, 0.046, 0.045, ..., 0.047, 0.047, 0.047 ]
       - potassium_channel/potassium_channel_n_gate/beta_n = [ 0.125, 0.126, 0.126, ..., 0.125, 0.125, 0.125 ]
       - potassium_channel/i_K = [ -4.820, -4.591, -4.435, ..., -4.404, -4.404, -4.404 ]
       - leakage_current/i_L = [ 3.184, 3.281, 3.317, ..., 3.183, 3.183, 3.183 ]
 - Heun:
    - Constants:
       - membrane/E_R = [ 0.000, 0.000, 0.000, ..., 0.000, 0.000, 0.000 ]
       - membrane/Cm = [ 1.000, 1.000, 1.000, ..., 1.000, 1.000, 1.000 ]
       - sodium_channel/g_Na = [ 120.000, 120.000, 120.000, ..., 120.000, 120.000, 120.000 ]
       - potassium_channel/g_K = [ 36.000, 36.000, 36.000, ..., 36.000, 36.000, 36.000 ]
       - leakage_current/g_L = [ 0.300, 0.300, 0.300, ..., 0.300, 0.300, 0.300 ]
       - sodium_channel/E_Na = [ -115.000, -115.000, -115.000, ..., -115.000, -115.000, -115.000 ]
       - potassium_channel/E_K = [ 12.000, 12.000, 12.000, ..., 12.000, 12.000, 12.000 ]
       - leakage_current/E_L = [ -10.613, -10.613, -10.613, ..., -10.613, -10.613, -10.613 ]
    - States:
       - membrane/V = [ 0.000, 0.324, 0.444, ..., -0.004, -0.004, -0.004 ]
       - sodium_channel/sodium_channel_m_gate/m = [ 0.050, 0.051, 0.050, ..., 0.053, 0.053, 0.053 ]
       - sodium_channel/sodium_channel_h_gate/h = [ 0.600, 0.600, 0.601, ..., 0.596, 0.596, 0.596 ]
       - potassium_channel/potassium_channel_n_gate/n = [ 0.325, 0.323, 0.321, ..., 0.318, 0.318, 0.318 ]
    - Rates:
       - membrane/V/prime = [ 0.601, 0.192, 0.055, ..., 0.000, 0.000, 0.000 ]
       - sodium_channel/sodium_channel_m_gate/m/prime = [ 0.012, -0.001, -0.001, ..., -0.000, -0.000, -0.000 ]
       - sodium_channel/sodium_channel_h_gate/h/prime = [ -0.000, 0.001, 0.001, ..., -0.000, -0.000, -0.000 ]
       - potassium_channel/potassium_channel_n_gate/n/prime = [ -0.001, -0.002, -0.002, ..., -0.000, -0.000, -0.000 ]
    - Algebraic:
       - membrane/i_Stim = [ 0.000, 0.000, 0.000, ..., 0.000, 0.000, 0.000 ]
       - sodium_channel/sodium_channel_m_gate/alpha_m = [ 0.224, 0.219, 0.217, ..., 0.224, 0.224, 0.224 ]
       - sodium_channel/sodium_channel_h_gate/alpha_h = [ 0.070, 0.071, 0.072, ..., 0.070, 0.070, 0.070 ]
       - potassium_channel/potassium_channel_n_gate/alpha_n = [ 0.058, 0.057, 0.057, ..., 0.058, 0.058, 0.058 ]
       - sodium_channel/i_Na = [ 1.035, 1.117, 1.063, ..., 1.221, 1.221, 1.221 ]
       - sodium_channel/sodium_channel_m_gate/beta_m = [ 4.000, 4.073, 4.100, ..., 3.999, 3.999, 3.999 ]
       - sodium_channel/sodium_channel_h_gate/beta_h = [ 0.047, 0.046, 0.045, ..., 0.047, 0.047, 0.047 ]
       - potassium_channel/potassium_channel_n_gate/beta_n = [ 0.125, 0.126, 0.126, ..., 0.125, 0.125, 0.125 ]
       - potassium_channel/i_K = [ -4.820, -4.591, -4.435, ..., -4.404, -4.404, -4.404 ]
       - leakage_current/i_L = [ 3.184, 3.281, 3.317, ..., 3.183, 3.183, 3.183 ]
 - Runge-Kutta (2nd order):
    - Constants:
       - membrane/E_R = [ 0.000, 0.000, 0.000, ..., 0.000, 0.000, 0.000 ]
       - membrane/Cm = [ 1.000, 1.000, 1.000, ..., 1.000, 1.000, 1.000 ]
       - sodium_channel/g_Na = [ 120.000, 120.000, 120.000, ..., 120.000, 120.000, 120.000 ]
       - potassium_channel/g_K = [ 36.000, 36.000, 36.000, ..., 36.000, 36.000, 36.000 ]
       - leakage_current/g_L = [ 0.300, 0.300, 0.300, ..., 0.300, 0.300, 0.300 ]
       - sodium_channel/E_Na = [ -115.000, -115.000, -115.000, ..., -115.000, -115.000, -115.000 ]
       - potassium_channel/E_K = [ 12.000, 12.000, 12.000, ..., 12.000, 12.000, 12.000 ]
       - leakage_current/E_L = [ -10.613, -10.613, -10.613, ..., -10.613, -10.613, -10.613 ]
    - States:
       - membrane/V = [ 0.000, 0.324, 0.444, ..., -0.004, -0.004, -0.004 ]
       - sodium_channel/sodium_channel_m_gate/m = [ 0.050, 0.051, 0.050, ..., 0.053, 0.053, 0.053 ]
       - sodium_channel/sodium_channel_h_gate/h = [ 0.600, 0.600, 0.601, ..., 0.596, 0.596, 0.596 ]
       - potassium_channel/potassium_channel_n_gate/n = [ 0.325, 0.323, 0.321, ..., 0.318, 0.318, 0.318 ]
    - Rates:
       - membrane/V/prime = [ 0.601, 0.192, 0.055, ..., -0.000, 0.000, -0.000 ]
       - sodium_channel/sodium_channel_m_gate/m/prime = [ 0.012, -0.001, -0.001, ..., -0.000, -0.000, -0.000 ]
       - sodium_channel/sodium_channel_h_gate/h/prime = [ -0.000, 0.001, 0.001, ..., -0.000, -0.000, -0.000 ]
       - potassium_channel/potassium_channel_n_gate/n/prime = [ -0.001, -0.002, -0.002, ..., -0.000, -0.000, -0.000 ]
    - Algebraic:
       - membrane/i_Stim = [ 0.000, 0.000, 0.000, ..., 0.000, 0.000, 0.000 ]
       - sodium_channel/sodium_channel_m_gate/alpha_m = [ 0.224, 0.219, 0.217, ..., 0.224, 0.224, 0.224 ]
       - sodium_channel/sodium_channel_h_gate/alpha_h = [ 0.070, 0.071, 0.072, ..., 0.070, 0.070, 0.070 ]
       - potassium_channel/potassium_channel_n_gate/alpha_n = [ 0.058, 0.057, 0.057, ..., 0.058, 0.058, 0.058 ]
       - sodium_channel/i_Na = [ 1.035, 1.117, 1.063, ..., 1.221, 1.221, 1.221 ]
       - sodium_channel/sodium_channel_m_gate/beta_m = [ 4.000, 4.073, 4.100, ..., 3.999, 3.999, 3.999 ]
       - sodium_channel/sodium_channel_h_gate/beta_h = [ 0.047, 0.046, 0.045, ..., 0.047, 0.047, 0.047 ]
       - potassium_channel/potassium_channel_n_gate/beta_n = [ 0.125, 0.126, 0.126, ..., 0.125, 0.125, 0.125 ]
       - potassium_channel/i_K = [ -4.820, -4.591, -4.435, ..., -4.404, -4.404, -4.404 ]
       - leakage_current/i_L = [ 3.184, 3.281, 3.317, ..., 3.183, 3.183, 3.183 ]
 - Runge-Kutta (4th order):
    - Constants:
       - membrane/E_R = [ 0.000, 0.000, 0.000, ..., 0.000, 0.000, 0.000 ]
       - membrane/Cm = [ 1.000, 1.000, 1.000, ..., 1.000, 1.000, 1.000 ]
       - sodium_channel/g_Na = [ 120.000, 120.000, 120.000, ..., 120.000, 120.000, 120.000 ]
       - potassium_channel/g_K = [ 36.000, 36.000, 36.000, ..., 36.000, 36.000, 36.000 ]
       - leakage_current/g_L = [ 0.300, 0.300, 0.300, ..., 0.300, 0.300, 0.300 ]
       - sodium_channel/E_Na = [ -115.000, -115.000, -115.000, ..., -115.000, -115.000, -115.000 ]
       - potassium_channel/E_K = [ 12.000, 12.000, 12.000, ..., 12.000, 12.000, 12.000 ]
       - leakage_current/E_L = [ -10.613, -10.613, -10.613, ..., -10.613, -10.613, -10.613 ]
    - States:
       - membrane/V = [ 0.000, 0.324, 0.443, ..., -0.004, -0.004, -0.004 ]
       - sodium_channel/sodium_channel_m_gate/m = [ 0.050, 0.051, 0.050, ..., 0.053, 0.053, 0.053 ]
       - sodium_channel/sodium_channel_h_gate/h = [ 0.600, 0.600, 0.601, ..., 0.596, 0.596, 0.596 ]
       - potassium_channel/potassium_channel_n_gate/n = [ 0.325, 0.323, 0.321, ..., 0.318, 0.318, 0.318 ]
    - Rates:
       - membrane/V/prime = [ 0.601, 0.193, 0.055, ..., 0.000, 0.000, 0.000 ]
       - sodium_channel/sodium_channel_m_gate/m/prime = [ 0.012, -0.001, -0.001, ..., -0.000, -0.000, -0.000 ]
       - sodium_channel/sodium_channel_h_gate/h/prime = [ -0.000, 0.001, 0.001, ..., -0.000, -0.000, -0.000 ]
       - potassium_channel/potassium_channel_n_gate/n/prime = [ -0.001, -0.002, -0.002, ..., -0.000, -0.000, -0.000 ]
    - Algebraic:
       - membrane/i_Stim = [ 0.000, 0.000, 0.000, ..., 0.000, 0.000, 0.000 ]
       - sodium_channel/sodium_channel_m_gate/alpha_m = [ 0.224, 0.219, 0.217, ..., 0.224, 0.224, 0.224 ]
       - sodium_channel/sodium_channel_h_gate/alpha_h = [ 0.070, 0.071, 0.072, ..., 0.070, 0.070, 0.070 ]
       - potassium_channel/potassium_channel_n_gate/alpha_n = [ 0.058, 0.057, 0.057, ..., 0.058, 0.058, 0.058 ]
       - sodium_channel/i_Na = [ 1.035, 1.117, 1.063, ..., 1.221, 1.221, 1.221 ]
       - sodium_channel/sodium_channel_m_gate/beta_m = [ 4.000, 4.073, 4.100, ..., 3.999, 3.999, 3.999 ]
       - sodium_channel/sodium_channel_h_gate/beta_h = [ 0.047, 0.046, 0.045, ..., 0.047, 0.047, 0.047 ]
       - potassium_channel/potassium_channel_n_gate/beta_n = [ 0.125, 0.126, 0.126, ..., 0.125, 0.125, 0.125 ]
       - potassium_channel/i_K = [ -4.820, -4.591, -4.436, ..., -4.404, -4.404, -4.404 ]
       - leakage_current/i_L = [ 3.184, 3.281, 3.317, ..., 3.183, 3.183, 3.183 ]
