---------------------------------------
           Noble 1962 model
---------------------------------------
 - CVODE:
    - Constants:
       - membrane/Cm = [ 12.0, 12.0, 12.0, ..., 12.0, 12.0, 12.0 ]
       - sodium_channel/g_Na_max = [ 400.0, 400.0, 400.0, ..., 400.0, 400.0, 400.0 ]
       - sodium_channel/E_Na = [ 40.0, 40.0, 40.0, ..., 40.0, 40.0, 40.0 ]
       - leakage_current/g_L = [ 0.075, 0.075, 0.075, ..., 0.075, 0.075, 0.075 ]
       - leakage_current/E_L = [ -60.0, -60.0, -60.0, ..., -60.0, -60.0, -60.0 ]
    - States:
       - membrane/V = [ -87.0, -86.513, -86.041, ..., -39.404, -40.12, -40.845 ]
       - sodium_channel/sodium_channel_m_gate/m = [ 0.01, 0.033, 0.034, ..., 0.34500000000000003, 0.335, 0.325 ]
       - sodium_channel/sodium_channel_h_gate/h = [ 0.8, 0.8180000000000001, 0.833, ..., 0.021, 0.023, 0.024 ]
       - potassium_channel/potassium_channel_n_gate/n = [ 0.01, 0.01, 0.01, ..., 0.6970000000000001, 0.6970000000000001, 0.6970000000000001 ]
    - Rates:
       - membrane/V/prime = [ 0.41200000000000003, 0.487, 0.458, ..., -0.71, -0.721, -0.73 ]
       - sodium_channel/sodium_channel_m_gate/m/prime = [ 0.215, 0.001, 0.001, ..., -0.01, -0.01, -0.01 ]
       - sodium_channel/sodium_channel_h_gate/h/prime = [ 0.02, 0.016, 0.013000000000000001, ..., 0.001, 0.001, 0.002 ]
       - potassium_channel/potassium_channel_n_gate/n/prime = [ 0.000, 0.000, 0.000, ..., 0.000, 0.000, 0.000 ]
    - Algebraic:
       - sodium_channel/g_Na = [ 0.000, 0.012, 0.013000000000000001, ..., 0.34800000000000003, 0.339, 0.33 ]
       - sodium_channel/sodium_channel_m_gate/alpha_m = [ 0.313, 0.32, 0.327, ..., 1.971, 1.928, 1.8860000000000001 ]
       - sodium_channel/sodium_channel_h_gate/alpha_h = [ 0.146, 0.14300000000000002, 0.139, ..., 0.014, 0.014, 0.015 ]
       - potassium_channel/potassium_channel_n_gate/alpha_n = [ 0.000, 0.000, 0.000, ..., 0.002, 0.002, 0.002 ]
       - sodium_channel/i_Na = [ -17.821, -19.168, -19.248, ..., -38.751, -38.362, -37.978 ]
       - sodium_channel/sodium_channel_m_gate/beta_m = [ 9.48, 9.422, 9.365, ..., 3.7760000000000002, 3.861, 3.947 ]
       - sodium_channel/sodium_channel_h_gate/beta_h = [ 0.011, 0.012, 0.012, ..., 0.5650000000000001, 0.547, 0.529 ]
       - potassium_channel/potassium_channel_n_gate/beta_n = [ 0.002, 0.002, 0.002, ..., 0.001, 0.001, 0.001 ]
       - potassium_channel/g_K1 = [ 1.1460000000000001, 1.135, 1.125, ..., 0.47100000000000003, 0.47700000000000004, 0.483 ]
       - potassium_channel/g_K2 = [ 0.000, 0.000, 0.000, ..., 0.28400000000000003, 0.28300000000000003, 0.28300000000000003 ]
       - potassium_channel/i_K = [ 14.897, 15.308, 15.699, ..., 45.731, 45.517, 45.297000000000004 ]
       - leakage_current/i_Leak = [ -2.025, -1.989, -1.953, ..., 1.545, 1.491, 1.437 ]
 - Euler (forward):
    - Constants:
       - membrane/Cm = [ 12.0, 12.0, 12.0, ..., 12.0, 12.0, 12.0 ]
       - sodium_channel/g_Na_max = [ 400.0, 400.0, 400.0, ..., 400.0, 400.0, 400.0 ]
       - sodium_channel/E_Na = [ 40.0, 40.0, 40.0, ..., 40.0, 40.0, 40.0 ]
       - leakage_current/g_L = [ 0.075, 0.075, 0.075, ..., 0.075, 0.075, 0.075 ]
       - leakage_current/E_L = [ -60.0, -60.0, -60.0, ..., -60.0, -60.0, -60.0 ]
    - States:
       - membrane/V = [ -87.0, -86.513, -86.04, ..., -39.298, -40.012, -40.736000000000004 ]
       - sodium_channel/sodium_channel_m_gate/m = [ 0.01, 0.033, 0.034, ..., 0.34600000000000003, 0.336, 0.326 ]
       - sodium_channel/sodium_channel_h_gate/h = [ 0.8, 0.8180000000000001, 0.833, ..., 0.021, 0.022, 0.024 ]
       - potassium_channel/potassium_channel_n_gate/n = [ 0.01, 0.01, 0.01, ..., 0.6970000000000001, 0.6970000000000001, 0.6970000000000001 ]
    - Rates:
       - membrane/V/prime = [ 0.41200000000000003, 0.487, 0.458, ..., -0.709, -0.719, -0.729 ]
       - sodium_channel/sodium_channel_m_gate/m/prime = [ 0.215, 0.001, 0.001, ..., -0.01, -0.01, -0.01 ]
       - sodium_channel/sodium_channel_h_gate/h/prime = [ 0.02, 0.016, 0.013000000000000001, ..., 0.001, 0.001, 0.001 ]
       - potassium_channel/potassium_channel_n_gate/n/prime = [ 0.000, 0.000, 0.000, ..., 0.000, 0.000, 0.000 ]
    - Algebraic:
       - sodium_channel/g_Na = [ 0.000, 0.012, 0.013000000000000001, ..., 0.34900000000000003, 0.34, 0.331 ]
       - sodium_channel/sodium_channel_m_gate/alpha_m = [ 0.313, 0.32, 0.327, ..., 1.977, 1.935, 1.8920000000000001 ]
       - sodium_channel/sodium_channel_h_gate/alpha_h = [ 0.146, 0.14300000000000002, 0.139, ..., 0.013000000000000001, 0.014, 0.014 ]
       - potassium_channel/potassium_channel_n_gate/alpha_n = [ 0.000, 0.000, 0.000, ..., 0.002, 0.002, 0.002 ]
       - sodium_channel/i_Na = [ -17.821, -19.168, -19.248, ..., -38.808, -38.418, -38.034 ]
       - sodium_channel/sodium_channel_m_gate/beta_m = [ 9.48, 9.422, 9.365, ..., 3.763, 3.848, 3.934 ]
       - sodium_channel/sodium_channel_h_gate/beta_h = [ 0.011, 0.012, 0.012, ..., 0.5670000000000001, 0.55, 0.532 ]
       - potassium_channel/potassium_channel_n_gate/beta_n = [ 0.002, 0.002, 0.002, ..., 0.001, 0.001, 0.001 ]
       - potassium_channel/g_K1 = [ 1.1460000000000001, 1.135, 1.125, ..., 0.47000000000000003, 0.47600000000000003, 0.482 ]
       - potassium_channel/g_K2 = [ 0.000, 0.000, 0.000, ..., 0.28400000000000003, 0.28300000000000003, 0.28300000000000003 ]
       - potassium_channel/i_K = [ 14.897, 15.309000000000001, 15.700000000000001, ..., 45.763, 45.550000000000004, 45.331 ]
       - leakage_current/i_Leak = [ -2.025, -1.988, -1.953, ..., 1.553, 1.499, 1.445 ]
 - Heun:
    - Constants:
       - membrane/Cm = [ 12.0, 12.0, 12.0, ..., 12.0, 12.0, 12.0 ]
       - sodium_channel/g_Na_max = [ 400.0, 400.0, 400.0, ..., 400.0, 400.0, 400.0 ]
       - sodium_channel/E_Na = [ 40.0, 40.0, 40.0, ..., 40.0, 40.0, 40.0 ]
       - leakage_current/g_L = [ 0.075, 0.075, 0.075, ..., 0.075, 0.075, 0.075 ]
       - leakage_current/E_L = [ -60.0, -60.0, -60.0, ..., -60.0, -60.0, -60.0 ]
    - States:
       - membrane/V = [ -87.0, -86.513, -86.041, ..., -39.404, -40.12, -40.845 ]
       - sodium_channel/sodium_channel_m_gate/m = [ 0.01, 0.033, 0.034, ..., 0.34500000000000003, 0.335, 0.325 ]
       - sodium_channel/sodium_channel_h_gate/h = [ 0.8, 0.8180000000000001, 0.833, ..., 0.021, 0.023, 0.024 ]
       - potassium_channel/potassium_channel_n_gate/n = [ 0.01, 0.01, 0.01, ..., 0.6970000000000001, 0.6970000000000001, 0.6970000000000001 ]
    - Rates:
       - membrane/V/prime = [ 0.41200000000000003, 0.487, 0.458, ..., -0.71, -0.721, -0.73 ]
       - sodium_channel/sodium_channel_m_gate/m/prime = [ 0.215, 0.001, 0.001, ..., -0.01, -0.01, -0.01 ]
       - sodium_channel/sodium_channel_h_gate/h/prime = [ 0.02, 0.016, 0.013000000000000001, ..., 0.001, 0.001, 0.002 ]
       - potassium_channel/potassium_channel_n_gate/n/prime = [ 0.000, 0.000, 0.000, ..., 0.000, 0.000, 0.000 ]
    - Algebraic:
       - sodium_channel/g_Na = [ 0.000, 0.012, 0.013000000000000001, ..., 0.34800000000000003, 0.339, 0.33 ]
       - sodium_channel/sodium_channel_m_gate/alpha_m = [ 0.313, 0.32, 0.327, ..., 1.971, 1.928, 1.8860000000000001 ]
       - sodium_channel/sodium_channel_h_gate/alpha_h = [ 0.146, 0.14300000000000002, 0.139, ..., 0.014, 0.014, 0.015 ]
       - potassium_channel/potassium_channel_n_gate/alpha_n = [ 0.000, 0.000, 0.000, ..., 0.002, 0.002, 0.002 ]
       - sodium_channel/i_Na = [ -17.821, -19.168, -19.248, ..., -38.751, -38.361000000000004, -37.978 ]
       - sodium_channel/sodium_channel_m_gate/beta_m = [ 9.48, 9.422, 9.365, ..., 3.7760000000000002, 3.861, 3.947 ]
       - sodium_channel/sodium_channel_h_gate/beta_h = [ 0.011, 0.012, 0.012, ..., 0.5650000000000001, 0.547, 0.529 ]
       - potassium_channel/potassium_channel_n_gate/beta_n = [ 0.002, 0.002, 0.002, ..., 0.001, 0.001, 0.001 ]
       - potassium_channel/g_K1 = [ 1.1460000000000001, 1.135, 1.125, ..., 0.47100000000000003, 0.47700000000000004, 0.483 ]
       - potassium_channel/g_K2 = [ 0.000, 0.000, 0.000, ..., 0.28400000000000003, 0.28300000000000003, 0.28300000000000003 ]
       - potassium_channel/i_K = [ 14.897, 15.308, 15.699, ..., 45.731, 45.517, 45.297000000000004 ]
       - leakage_current/i_Leak = [ -2.025, -1.989, -1.953, ..., 1.545, 1.491, 1.437 ]
 - Runge-Kutta (2nd order):
    - Constants:
       - membrane/Cm = [ 12.0, 12.0, 12.0, ..., 12.0, 12.0, 12.0 ]
       - sodium_channel/g_Na_max = [ 400.0, 400.0, 400.0, ..., 400.0, 400.0, 400.0 ]
       - sodium_channel/E_Na = [ 40.0, 40.0, 40.0, ..., 40.0, 40.0, 40.0 ]
       - leakage_current/g_L = [ 0.075, 0.075, 0.075, ..., 0.075, 0.075, 0.075 ]
       - leakage_current/E_L = [ -60.0, -60.0, -60.0, ..., -60.0, -60.0, -60.0 ]
    - States:
       - membrane/V = [ -87.0, -86.513, -86.041, ..., -39.404, -40.12, -40.845 ]
       - sodium_channel/sodium_channel_m_gate/m = [ 0.01, 0.033, 0.034, ..., 0.34500000000000003, 0.335, 0.325 ]
       - sodium_channel/sodium_channel_h_gate/h = [ 0.8, 0.8180000000000001, 0.833, ..., 0.021, 0.023, 0.024 ]
       - potassium_channel/potassium_channel_n_gate/n = [ 0.01, 0.01, 0.01, ..., 0.6970000000000001, 0.6970000000000001, 0.6970000000000001 ]
    - Rates:
       - membrane/V/prime = [ 0.41200000000000003, 0.487, 0.458, ..., -0.71, -0.721, -0.73 ]
       - sodium_channel/sodium_channel_m_gate/m/prime = [ 0.215, 0.001, 0.001, ..., -0.01, -0.01, -0.01 ]
       - sodium_channel/sodium_channel_h_gate/h/prime = [ 0.02, 0.016, 0.013000000000000001, ..., 0.001, 0.001, 0.002 ]
       - potassium_channel/potassium_channel_n_gate/n/prime = [ 0.000, 0.000, 0.000, ..., 0.000, 0.000, 0.000 ]
    - Algebraic:
       - sodium_channel/g_Na = [ 0.000, 0.012, 0.013000000000000001, ..., 0.34800000000000003, 0.339, 0.33 ]
       - sodium_channel/sodium_channel_m_gate/alpha_m = [ 0.313, 0.32, 0.327, ..., 1.971, 1.928, 1.8860000000000001 ]
       - sodium_channel/sodium_channel_h_gate/alpha_h = [ 0.146, 0.14300000000000002, 0.139, ..., 0.014, 0.014, 0.015 ]
       - potassium_channel/potassium_channel_n_gate/alpha_n = [ 0.000, 0.000, 0.000, ..., 0.002, 0.002, 0.002 ]
       - sodium_channel/i_Na = [ -17.821, -19.168, -19.248, ..., -38.751, -38.361000000000004, -37.978 ]
       - sodium_channel/sodium_channel_m_gate/beta_m = [ 9.48, 9.422, 9.365, ..., 3.7760000000000002, 3.861, 3.947 ]
       - sodium_channel/sodium_channel_h_gate/beta_h = [ 0.011, 0.012, 0.012, ..., 0.5650000000000001, 0.547, 0.529 ]
       - potassium_channel/potassium_channel_n_gate/beta_n = [ 0.002, 0.002, 0.002, ..., 0.001, 0.001, 0.001 ]
       - potassium_channel/g_K1 = [ 1.1460000000000001, 1.135, 1.125, ..., 0.47100000000000003, 0.47700000000000004, 0.483 ]
       - potassium_channel/g_K2 = [ 0.000, 0.000, 0.000, ..., 0.28400000000000003, 0.28300000000000003, 0.28300000000000003 ]
       - potassium_channel/i_K = [ 14.897, 15.308, 15.699, ..., 45.731, 45.517, 45.297000000000004 ]
       - leakage_current/i_Leak = [ -2.025, -1.989, -1.953, ..., 1.545, 1.491, 1.437 ]
 - Runge-Kutta (4th order):
    - Constants:
       - membrane/Cm = [ 12.0, 12.0, 12.0, ..., 12.0, 12.0, 12.0 ]
       - sodium_channel/g_Na_max = [ 400.0, 400.0, 400.0, ..., 400.0, 400.0, 400.0 ]
       - sodium_channel/E_Na = [ 40.0, 40.0, 40.0, ..., 40.0, 40.0, 40.0 ]
       - leakage_current/g_L = [ 0.075, 0.075, 0.075, ..., 0.075, 0.075, 0.075 ]
       - leakage_current/E_L = [ -60.0, -60.0, -60.0, ..., -60.0, -60.0, -60.0 ]
    - States:
       - membrane/V = [ -87.0, -86.514, -86.041, ..., -39.44, -40.156, -40.882 ]
       - sodium_channel/sodium_channel_m_gate/m = [ 0.01, 0.033, 0.034, ..., 0.34400000000000003, 0.334, 0.325 ]
       - sodium_channel/sodium_channel_h_gate/h = [ 0.8, 0.8180000000000001, 0.833, ..., 0.021, 0.023, 0.024 ]
       - potassium_channel/potassium_channel_n_gate/n = [ 0.01, 0.01, 0.01, ..., 0.6970000000000001, 0.6970000000000001, 0.6970000000000001 ]
    - Rates:
       - membrane/V/prime = [ 0.41200000000000003, 0.487, 0.458, ..., -0.711, -0.721, -0.73 ]
       - sodium_channel/sodium_channel_m_gate/m/prime = [ 0.215, 0.001, 0.001, ..., -0.01, -0.01, -0.01 ]
       - sodium_channel/sodium_channel_h_gate/h/prime = [ 0.02, 0.016, 0.013000000000000001, ..., 0.001, 0.001, 0.002 ]
       - potassium_channel/potassium_channel_n_gate/n/prime = [ 0.000, 0.000, 0.000, ..., 0.000, 0.000, 0.000 ]
    - Algebraic:
       - sodium_channel/g_Na = [ 0.000, 0.012, 0.013000000000000001, ..., 0.34800000000000003, 0.338, 0.329 ]
       - sodium_channel/sodium_channel_m_gate/alpha_m = [ 0.313, 0.32, 0.327, ..., 1.968, 1.926, 1.8840000000000001 ]
       - sodium_channel/sodium_channel_h_gate/alpha_h = [ 0.146, 0.14300000000000002, 0.139, ..., 0.014, 0.014, 0.015 ]
       - potassium_channel/potassium_channel_n_gate/alpha_n = [ 0.000, 0.000, 0.000, ..., 0.002, 0.002, 0.002 ]
       - sodium_channel/i_Na = [ -17.821, -19.168, -19.247, ..., -38.732, -38.343, -37.96 ]
       - sodium_channel/sodium_channel_m_gate/beta_m = [ 9.48, 9.422, 9.365, ..., 3.7800000000000002, 3.865, 3.951 ]
       - sodium_channel/sodium_channel_h_gate/beta_h = [ 0.011, 0.012, 0.012, ..., 0.5640000000000001, 0.546, 0.528 ]
       - potassium_channel/potassium_channel_n_gate/beta_n = [ 0.002, 0.002, 0.002, ..., 0.001, 0.001, 0.001 ]
       - potassium_channel/g_K1 = [ 1.1460000000000001, 1.135, 1.125, ..., 0.47100000000000003, 0.47700000000000004, 0.483 ]
       - potassium_channel/g_K2 = [ 0.000, 0.000, 0.000, ..., 0.28400000000000003, 0.28300000000000003, 0.28300000000000003 ]
       - potassium_channel/i_K = [ 14.897, 15.308, 15.699, ..., 45.72, 45.506, 45.286 ]
       - leakage_current/i_Leak = [ -2.025, -1.989, -1.953, ..., 1.542, 1.488, 1.434 ]
