---------------------------------------
           Local CellML file
---------------------------------------
 - Open file...
 - Run file...
 - Retrieve simulation results...
 - Retrieve states...
 - Retrieve states' values...

---------------------------------------
          Remote CellML file
---------------------------------------
 - Open file...
 - Run file...
 - Retrieve simulation results...
 - Retrieve states...
 - Retrieve states' values...

---------------------------------------
           Local SED-ML file
---------------------------------------
 - Open file...
 - Run file...
 - Retrieve simulation results...
 - Retrieve states...
 - Retrieve states' values...

---------------------------------------
          Remote SED-ML file
---------------------------------------
 - Open file...
 - Run file...
 - Retrieve simulation results...
 - Retrieve states...
 - Retrieve states' values...

---------------------------------------
         Local COMBINE archive
---------------------------------------
 - Open file...
 - Run file...
 - Retrieve simulation results...
 - Retrieve states...
 - Retrieve states' values...

---------------------------------------
        Remote COMBINE archive
---------------------------------------
 - Open file...
 - Run file...
 - Retrieve simulation results...
 - Retrieve states...
 - Retrieve states' values...
