---------------------------------------
        van der Pol 1928 model
---------------------------------------
 - CVODE:
    - Constants:
       - main/epsilon = [ 1.000, 1.000, 1.000, ..., 1.000, 1.000, 1.000 ]
    - States:
       - main/x = [ -2.000, -1.508, -0.323, ..., 0.596, -1.641, -1.836 ]
       - main/y = [ 0.000, 0.780, 1.833, ..., -1.546, -1.774, 0.544 ]
    - Rates:
       - main/x/prime = [ 0.000, 0.780, 1.833, ..., -1.546, -1.774, 0.544 ]
       - main/y/prime = [ 2.000, 0.514, 1.965, ..., -1.593, 4.646, 0.547 ]
    - Algebraic: empty
 - Euler (forward):
    - Constants:
       - main/epsilon = [ 1.000, 1.000, 1.000, ..., 1.000, 1.000, 1.000 ]
    - States:
       - main/x = [ -2.000, -1.510, -0.334, ..., 1.426, 0.130, -1.967 ]
       - main/y = [ 0.000, 0.781, 1.820, ..., -0.841, -2.040, -0.609 ]
    - Rates:
       - main/x/prime = [ 0.000, 0.781, 1.820, ..., -0.841, -2.040, -0.609 ]
       - main/y/prime = [ 2.000, 0.511, 1.951, ..., -0.556, -2.135, 3.711 ]
    - Algebraic: empty
 - Heun:
    - Constants:
       - main/epsilon = [ 1.000, 1.000, 1.000, ..., 1.000, 1.000, 1.000 ]
    - States:
       - main/x = [ -2.000, -1.508, -0.323, ..., 0.555, -1.686, -1.822 ]
       - main/y = [ 0.000, 0.780, 1.833, ..., -1.588, -1.653, 0.557 ]
    - Rates:
       - main/x/prime = [ 0.000, 0.780, 1.833, ..., -1.588, -1.653, 0.557 ]
       - main/y/prime = [ 2.000, 0.514, 1.965, ..., -1.654, 4.728, 0.529 ]
    - Algebraic: empty
 - Runge-Kutta (2nd order):
    - Constants:
       - main/epsilon = [ 1.000, 1.000, 1.000, ..., 1.000, 1.000, 1.000 ]
    - States:
       - main/x = [ -2.000, -1.508, -0.323, ..., 0.555, -1.686, -1.822 ]
       - main/y = [ 0.000, 0.780, 1.833, ..., -1.588, -1.652, 0.558 ]
    - Rates:
       - main/x/prime = [ 0.000, 0.780, 1.833, ..., -1.588, -1.652, 0.558 ]
       - main/y/prime = [ 2.000, 0.514, 1.965, ..., -1.654, 4.729, 0.529 ]
    - Algebraic: empty
 - Runge-Kutta (4th order):
    - Constants:
       - main/epsilon = [ 1.000, 1.000, 1.000, ..., 1.000, 1.000, 1.000 ]
    - States:
       - main/x = [ -2.000, -1.508, -0.320, ..., -1.551, -0.419, 1.800 ]
       - main/y = [ 0.000, 0.780, 1.837, ..., 0.752, 1.731, 1.260 ]
    - Rates:
       - main/x/prime = [ 0.000, 0.780, 1.837, ..., 0.752, 1.731, 1.260 ]
       - main/y/prime = [ 2.000, 0.515, 1.969, ..., 0.494, 1.846, -4.624 ]
    - Algebraic: empty
