<math xmlns="http://www.w3.org/1998/Math/MathML">
    <mrow>
        <mi mathvariant="italic">a</mi>
        <mo>=</mo>
        <mfrac>
            <mfrac>
                <mrow>
                    <mo>âˆ’</mo>
                    <mi mathvariant="italic">b</mi>
                </mrow>
                <mi mathvariant="italic">c</mi>
            </mfrac>
            <mi mathvariant="italic">d</mi>
        </mfrac>
    </mrow>
</math>
