<math xmlns="http://www.w3.org/1998/Math/MathML">
    <mrow>
        <mi mathvariant="italic">a</mi>
        <mo>=</mo>
        <mi mathvariant="italic">b</mi>
        <mo>−</mo>
        <mfrac>
            <mi mathvariant="italic">c</mi>
            <mi mathvariant="italic">d</mi>
        </mfrac>
        <mo>−</mo>
        <mi>e</mi>
    </mrow>
</math>
