 - Core: cannot be directly excluded.
 - PMRWindow: excluded from the GUI version of OpenCOR.
 - Unknown: unknown plugin.
