 - Core: cannot be directly included.
 - PMRWindow: included to the GUI version of OpenCOR.
 - Unknown: unknown plugin.
