<math xmlns="http://www.w3.org/1998/Math/MathML">
    <mrow>
        <mi mathvariant="italic">a</mi>
        <mo>=</mo>
        <mrow>
            <mo>âˆ’</mo>
            <mi mathvariant="italic">b</mi>
            <mo>+</mo>
            <mi mathvariant="italic">c</mi>
        </mrow>
    </mrow>
</math>
