<math xmlns="http://www.w3.org/1998/Math/MathML">
    <mrow>
        <mi mathvariant="italic">a</mi>
        <mo>=</mo>
        <mi>arccos</mi>
        <mo>‚Å°</mo>
        <mi mathvariant="italic">b</mi>
    </mrow>
</math>
