<math xmlns="http://www.w3.org/1998/Math/MathML">
    <mrow>
        <mi mathvariant="italic">a</mi>
        <mo>=</mo>
        <mo>âˆ’</mo>
        <msup>
            <mi mathvariant="italic">b</mi>
            <mn>3</mn>
        </msup>
    </mrow>
</math>
