Commands supported by CellMLTools:
 * Display the commands supported by CellMLTools:
      help
 * Export <in_file> to <out_file> using <format> as the destination format:
      export <in_file> <out_file> <format>
   <format> can take one of the following values:
      cellml_1_0: to export a CellML 1.1 file to CellML 1.0
