Sorry, but the input file is already a CellML 1.0 file.
