Sorry, but the user-defined format file could not be found.
